Archive member included to satisfy reference by file (symbol)

app/libapp.a(main.cpp.obj)    (--whole-archive)
zephyr/libzephyr.a(semihost.c.obj)
                              (--whole-archive)
zephyr/libzephyr.a(cpp_init.c.obj)
                              (--whole-archive)
zephyr/libzephyr.a(cpp_init_array.c.obj)
                              (--whole-archive)
zephyr/libzephyr.a(cpp_ctors.c.obj)
                              (--whole-archive)
zephyr/libzephyr.a(cpp_dtors.c.obj)
                              (--whole-archive)
zephyr/libzephyr.a(cpp_virtual.c.obj)
                              (--whole-archive)
zephyr/libzephyr.a(cpp_vtable.cpp.obj)
                              (--whole-archive)
zephyr/libzephyr.a(cpp_new.cpp.obj)
                              (--whole-archive)
zephyr/libzephyr.a(cbprintf_packaged.c.obj)
                              (--whole-archive)
zephyr/libzephyr.a(dec.c.obj)
                              (--whole-archive)
zephyr/libzephyr.a(fdtable.c.obj)
                              (--whole-archive)
zephyr/libzephyr.a(hex.c.obj)
                              (--whole-archive)
zephyr/libzephyr.a(printk.c.obj)
                              (--whole-archive)
zephyr/libzephyr.a(rb.c.obj)  (--whole-archive)
zephyr/libzephyr.a(sem.c.obj)
                              (--whole-archive)
zephyr/libzephyr.a(thread_entry.c.obj)
                              (--whole-archive)
zephyr/libzephyr.a(timeutil.c.obj)
                              (--whole-archive)
zephyr/libzephyr.a(heap.c.obj)
                              (--whole-archive)
zephyr/libzephyr.a(heap-validate.c.obj)
                              (--whole-archive)
zephyr/libzephyr.a(bitarray.c.obj)
                              (--whole-archive)
zephyr/libzephyr.a(multi_heap.c.obj)
                              (--whole-archive)
zephyr/libzephyr.a(crc32c_sw.c.obj)
                              (--whole-archive)
zephyr/libzephyr.a(crc32_sw.c.obj)
                              (--whole-archive)
zephyr/libzephyr.a(crc16_sw.c.obj)
                              (--whole-archive)
zephyr/libzephyr.a(crc8_sw.c.obj)
                              (--whole-archive)
zephyr/libzephyr.a(crc7_sw.c.obj)
                              (--whole-archive)
zephyr/libzephyr.a(cbprintf_complete.c.obj)
                              (--whole-archive)
zephyr/libzephyr.a(cbprintf.c.obj)
                              (--whole-archive)
zephyr/libzephyr.a(assert.c.obj)
                              (--whole-archive)
zephyr/libzephyr.a(configs.c.obj)
                              (--whole-archive)
zephyr/libzephyr.a(soc_port.c.obj)
                              (--whole-archive)
zephyr/libzephyr.a(soc_samc2x.c.obj)
                              (--whole-archive)
zephyr/libzephyr.a(log_minimal.c.obj)
                              (--whole-archive)
zephyr/libzephyr.a(tracing_none.c.obj)
                              (--whole-archive)
zephyr/libzephyr.a(semihost_extra.c.obj)
                              (--whole-archive)
zephyr/arch/common/libarch__common.a(sw_isr_common.c.obj)
                              (--whole-archive)
zephyr/arch/arch/arm/core/aarch32/libarch__arm__core__aarch32.a(cpu_idle.S.obj)
                              (--whole-archive)
zephyr/arch/arch/arm/core/aarch32/libarch__arm__core__aarch32.a(fatal.c.obj)
                              (--whole-archive)
zephyr/arch/arch/arm/core/aarch32/libarch__arm__core__aarch32.a(irq_manage.c.obj)
                              (--whole-archive)
zephyr/arch/arch/arm/core/aarch32/libarch__arm__core__aarch32.a(nmi.c.obj)
                              (--whole-archive)
zephyr/arch/arch/arm/core/aarch32/libarch__arm__core__aarch32.a(nmi_on_reset.S.obj)
                              (--whole-archive)
zephyr/arch/arch/arm/core/aarch32/libarch__arm__core__aarch32.a(prep_c.c.obj)
                              (--whole-archive)
zephyr/arch/arch/arm/core/aarch32/libarch__arm__core__aarch32.a(swap.c.obj)
                              (--whole-archive)
zephyr/arch/arch/arm/core/aarch32/libarch__arm__core__aarch32.a(swap_helper.S.obj)
                              (--whole-archive)
zephyr/arch/arch/arm/core/aarch32/libarch__arm__core__aarch32.a(thread.c.obj)
                              (--whole-archive)
zephyr/arch/arch/arm/core/aarch32/libarch__arm__core__aarch32.a(isr_wrapper.S.obj)
                              (--whole-archive)
zephyr/arch/arch/arm/core/aarch32/libarch__arm__core__aarch32.a(__aeabi_atexit.c.obj)
                              (--whole-archive)
zephyr/arch/arch/arm/core/aarch32/cortex_m/libarch__arm__core__aarch32__cortex_m.a(exc_exit.S.obj)
                              (--whole-archive)
zephyr/arch/arch/arm/core/aarch32/cortex_m/libarch__arm__core__aarch32__cortex_m.a(fault.c.obj)
                              (--whole-archive)
zephyr/arch/arch/arm/core/aarch32/cortex_m/libarch__arm__core__aarch32__cortex_m.a(fault_s.S.obj)
                              (--whole-archive)
[...]
Memory Configuration

Name             Origin             Length             Attributes
FLASH            0x0000000000000000 0x0000000000040000 xr
RAM              0x0000000020000000 0x0000000000008000 xw
IDT_LIST         0x00000000fffff7ff 0x0000000000000800 xw
*default*        0x0000000000000000 0xffffffffffffffff

Linker script and memory map

LOAD /home/server/zephyr-sdk-0.16.1/arm-zephyr-eabi/arm-zephyr-eabi/lib/thumb/v6-m/nofp/librdimon.a
LOAD zephyr/CMakeFiles/zephyr_pre0.dir/misc/empty_file.c.obj
LOAD zephyr/CMakeFiles/offsets.dir/./arch/arm/core/offsets/offsets.c.obj
                0x0000000000000004                _region_min_align = 0x4

.rel.plt        0x0000000000000000        0x0
 *(SORT_BY_ALIGNMENT(.rel.plt))
                [!provide]                        PROVIDE (__rel_iplt_start = .)
 *(SORT_BY_ALIGNMENT(.rel.iplt))
 .rel.iplt      0x0000000000000000        0x0 app/libapp.a(main.cpp.obj)
                [!provide]                        PROVIDE (__rel_iplt_end = .)

.rela.plt       0x0000000000000000        0x0
 *(SORT_BY_ALIGNMENT(.rela.plt))
                [!provide]                        PROVIDE (__rela_iplt_start = .)
 *(SORT_BY_ALIGNMENT(.rela.iplt))
                [!provide]                        PROVIDE (__rela_iplt_end = .)

.rel.dyn
 *(SORT_BY_ALIGNMENT(.rel.*))

.rela.dyn
 *(SORT_BY_ALIGNMENT(.rela.*))

/DISCARD/
 *(SORT_BY_ALIGNMENT(.plt))

/DISCARD/
 *(SORT_BY_ALIGNMENT(.iplt))
                0x0000000000000000                __rom_region_start = 0x0

rom_start       0x0000000000000000       0xc0
                0x0000000000000000                . = 0x0
                0x0000000000000000                . = ALIGN (0x4)
                0x0000000000000000                . = ALIGN (0x100)
                0x0000000000000000                . = ALIGN (0x100)
                0x0000000000000000                _vector_start = .
 *(SORT_BY_ALIGNMENT(.exc_vector_table))
 *(SORT_BY_ALIGNMENT(.exc_vector_table.*))
 .exc_vector_table._vector_table_section
                0x0000000000000000       0x40 zephyr/arch/arch/arm/core/aarch32/cortex_m/libarch__arm__core__aarch32__cortex_m.a(vector_table.S.obj)
                0x0000000000000000                _vector_table
 *(SORT_BY_ALIGNMENT(.vectors))
                0x00000000000000c0                _vector_end = .
                0x0000000000000040                . = ALIGN (0x4)
 *(SORT_BY_ALIGNMENT(.gnu.linkonce.irq_vector_table*))
 .gnu.linkonce.irq_vector_table
                0x0000000000000040       0x80 zephyr/arch/common/libisr_tables.a(isr_tables.c.obj)
                0x0000000000000040                _irq_vector_table
                0x00000000000000c0                _vector_end = .

text            0x00000000000000c0     0x54fc
                0x00000000000000c0                __text_region_start = .
 *(SORT_BY_ALIGNMENT(.text))
 .text          0x00000000000000c0       0x14 /home/server/zephyr-sdk-0.16.1/arm-zephyr-eabi/bin/../lib/gcc/arm-zephyr-eabi/12.2.0/thumb/v6-m/nofp/libgcc.a(_thumb1_case_uqi.o)
                0x00000000000000c0                __gnu_thumb1_case_uqi
 .text          0x00000000000000d4       0x14 /home/server/zephyr-sdk-0.16.1/arm-zephyr-eabi/bin/../lib/gcc/arm-zephyr-eabi/12.2.0/thumb/v6-m/nofp/libgcc.a(_thumb1_case_shi.o)
                0x00000000000000d4                __gnu_thumb1_case_shi
 .text          0x00000000000000e8       0x8c /home/server/zephyr-sdk-0.16.1/arm-zephyr-eabi/bin/../lib/gcc/arm-zephyr-eabi/12.2.0/thumb/v6-m/nofp/libgcc.a(_udivsi3.o)
                0x00000000000000e8                __udivsi3
                0x00000000000000e8                __aeabi_uidiv
                0x0000000000000160                __aeabi_uidivmod
 .text          0x0000000000000174       0xa8 /home/server/zephyr-sdk-0.16.1/arm-zephyr-eabi/bin/../lib/gcc/arm-zephyr-eabi/12.2.0/thumb/v6-m/nofp/libgcc.a(_divsi3.o)
                0x0000000000000174                __aeabi_idiv
                0x0000000000000174                __divsi3
                0x0000000000000208                __aeabi_idivmod
 .text          0x000000000000021c        0x4 /home/server/zephyr-sdk-0.16.1/arm-zephyr-eabi/bin/../lib/gcc/arm-zephyr-eabi/12.2.0/thumb/v6-m/nofp/libgcc.a(_dvmd_tls.o)
                0x000000000000021c                __aeabi_ldiv0
                0x000000000000021c                __aeabi_idiv0
 .text          0x0000000000000220       0x3c /home/server/zephyr-sdk-0.16.1/arm-zephyr-eabi/bin/../lib/gcc/arm-zephyr-eabi/12.2.0/thumb/v6-m/nofp/libgcc.a(_clzsi2.o)
                0x0000000000000220                __clzsi2
 .text          0x000000000000025c       0x40 /home/server/zephyr-sdk-0.16.1/arm-zephyr-eabi/bin/../lib/gcc/arm-zephyr-eabi/12.2.0/thumb/v6-m/nofp/libgcc.a(_aeabi_uldivmod.o)
                0x000000000000025c                __aeabi_uldivmod
 .text          0x000000000000029c       0x18 /home/server/zephyr-sdk-0.16.1/arm-zephyr-eabi/bin/../lib/gcc/arm-zephyr-eabi/12.2.0/thumb/v6-m/nofp/libgcc.a(_lshrdi3.o)
                0x000000000000029c                __aeabi_llsr
                0x000000000000029c                __lshrdi3
 .text          0x00000000000002b4       0x18 /home/server/zephyr-sdk-0.16.1/arm-zephyr-eabi/bin/../lib/gcc/arm-zephyr-eabi/12.2.0/thumb/v6-m/nofp/libgcc.a(_ashldi3.o)
                0x00000000000002b4                __ashldi3
                0x00000000000002b4                __aeabi_llsl
 .text          0x00000000000002cc       0x18 /home/server/zephyr-sdk-0.16.1/arm-zephyr-eabi/bin/../lib/gcc/arm-zephyr-eabi/12.2.0/thumb/v6-m/nofp/libgcc.a(_clzdi2.o)
                0x00000000000002cc                __clzdi2
 .text          0x00000000000002e4       0x88 /home/server/zephyr-sdk-0.16.1/arm-zephyr-eabi/arm-zephyr-eabi/lib/thumb/v6-m/nofp/libc.a(lib_a-strcmp.o)
                0x00000000000002e4                strcmp
 .text          0x000000000000036c       0x44 /home/server/zephyr-sdk-0.16.1/arm-zephyr-eabi/bin/../lib/gcc/arm-zephyr-eabi/12.2.0/thumb/v6-m/nofp/libgcc.a(_muldi3.o)
                0x000000000000036c                __aeabi_lmul
                0x000000000000036c                __muldi3
 .text          0x00000000000003b0       0xde /home/server/zephyr-sdk-0.16.1/arm-zephyr-eabi/bin/../lib/gcc/arm-zephyr-eabi/12.2.0/thumb/v6-m/nofp/libgcc.a(_udivmoddi4.o)
                0x00000000000003b0                __udivmoddi4
 *(SORT_BY_ALIGNMENT(.text.*))
 *fill*         0x000000000000048e        0x2 
 .text.z_zassert.constprop.0
                0x0000000000000490       0x58 app/libapp.a(main.cpp.obj)
 .text._ZL49_cpp_test_fixture_created_and_initialized_wrapperPv
                0x00000000000004e8       0x30 app/libapp.a(main.cpp.obj)
 .text.__do_init_array_aux
                0x0000000000000518       0x1c zephyr/libzephyr.a(cpp_init_array.c.obj)
                0x0000000000000518                __do_init_array_aux
 .text.__do_global_ctors_aux
                0x0000000000000534       0x20 zephyr/libzephyr.a(cpp_ctors.c.obj)
                0x0000000000000534                __do_global_ctors_aux
 .text.char_out
                0x0000000000000554       0x10 zephyr/libzephyr.a(printk.c.obj)
 .text.__printk_hook_install
                0x0000000000000564        0xc zephyr/libzephyr.a(printk.c.obj)
                0x0000000000000564                __printk_hook_install
 .text.vprintk  0x0000000000000570       0x18 zephyr/libzephyr.a(printk.c.obj)
                0x0000000000000570                vprintk
 .text.vsnprintk
                0x0000000000000588       0x2c zephyr/libzephyr.a(printk.c.obj)
                0x0000000000000588                vsnprintk
 .text.extract_decimal
                0x00000000000005b4       0x28 zephyr/libzephyr.a(cbprintf_complete.c.obj)
 .text.encode_uint
                0x00000000000005dc       0xa4 zephyr/libzephyr.a(cbprintf_complete.c.obj)
 .text.z_cbvprintf_impl
                0x0000000000000680      0x728 zephyr/libzephyr.a(cbprintf_complete.c.obj)
                0x0000000000000680                z_cbvprintf_impl
 .text.atmel_samc_init
                0x0000000000000da8       0x58 zephyr/libzephyr.a(soc_samc2x.c.obj)
 .text.semihost_log
                0x0000000000000e00       0x84 zephyr/libzephyr.a(semihost_extra.c.obj)
                0x0000000000000e00                semihost_log
 .text.z_arm_cpu_idle_init
                0x0000000000000e84        0xc zephyr/arch/arch/arm/core/aarch32/libarch__arm__core__aarch32.a(cpu_idle.S.obj)
                0x0000000000000e84                z_arm_cpu_idle_init
 .text.arch_cpu_idle
                0x0000000000000e90       0x10 zephyr/arch/arch/arm/core/aarch32/libarch__arm__core__aarch32.a(cpu_idle.S.obj)
                0x0000000000000e90                arch_cpu_idle
 .text.z_arm_fatal_error
                0x0000000000000ea0       0x58 zephyr/arch/arch/arm/core/aarch32/libarch__arm__core__aarch32.a(fatal.c.obj)
                0x0000000000000ea0                z_arm_fatal_error
 .text.arch_irq_enable
                0x0000000000000ef8       0x18 zephyr/arch/arch/arm/core/aarch32/libarch__arm__core__aarch32.a(irq_manage.c.obj)
                0x0000000000000ef8                arch_irq_enable
 .text.z_arm_irq_priority_set
                0x0000000000000f10       0x88 zephyr/arch/arch/arm/core/aarch32/libarch__arm__core__aarch32.a(irq_manage.c.obj)
                0x0000000000000f10                z_arm_irq_priority_set
 .text.z_SysNmiOnReset
                0x0000000000000f98        0x4 zephyr/arch/arch/arm/core/aarch32/libarch__arm__core__aarch32.a(nmi_on_reset.S.obj)
                0x0000000000000f98                z_SysNmiOnReset
 .text.z_arm_prep_c
                0x0000000000000f9c       0x2c zephyr/arch/arch/arm/core/aarch32/libarch__arm__core__aarch32.a(prep_c.c.obj)
                0x0000000000000f9c                z_arm_prep_c
 .text.arch_swap
                0x0000000000000fc8       0x38 zephyr/arch/arch/arm/core/aarch32/libarch__arm__core__aarch32.a(swap.c.obj)
                0x0000000000000fc8                arch_swap
 .text.z_arm_pendsv
                0x0000000000001000       0x68 zephyr/arch/arch/arm/core/aarch32/libarch__arm__core__aarch32.a(swap_helper.S.obj)
                0x0000000000001000                z_arm_pendsv
 .text.z_arm_svc
                0x0000000000001068       0x24 zephyr/arch/arch/arm/core/aarch32/libarch__arm__core__aarch32.a(swap_helper.S.obj)
                0x0000000000001068                z_arm_svc
 .text.arch_new_thread
                0x000000000000108c       0x30 zephyr/arch/arch/arm/core/aarch32/libarch__arm__core__aarch32.a(thread.c.obj)
                0x000000000000108c                arch_new_thread
 .text.arch_switch_to_main_thread
                0x00000000000010bc       0x20 zephyr/arch/arch/arm/core/aarch32/libarch__arm__core__aarch32.a(thread.c.obj)
                0x00000000000010bc                arch_switch_to_main_thread
 .text._isr_wrapper
                0x00000000000010dc       0x28 zephyr/arch/arch/arm/core/aarch32/libarch__arm__core__aarch32.a(isr_wrapper.S.obj)
                0x00000000000010dc                _isr_wrapper
 .text._HandlerModeExit
                0x0000000000001104       0x20 zephyr/arch/arch/arm/core/aarch32/cortex_m/libarch__arm__core__aarch32__cortex_m.a(exc_exit.S.obj)
                0x0000000000001104                z_arm_exc_exit
                0x0000000000001104                z_arm_int_exit
 .text.z_arm_fault
                0x0000000000001124       0xfc zephyr/arch/arch/arm/core/aarch32/cortex_m/libarch__arm__core__aarch32__cortex_m.a(fault.c.obj)
                0x0000000000001124                z_arm_fault
 .text.__fault  0x0000000000001220       0x14 zephyr/arch/arch/arm/core/aarch32/cortex_m/libarch__arm__core__aarch32__cortex_m.a(fault_s.S.obj)
                0x0000000000001220                z_arm_exc_spurious
                0x0000000000001220                z_arm_hard_fault
 .text.z_arm_interrupt_init
                0x0000000000001234       0x30 zephyr/arch/arch/arm/core/aarch32/cortex_m/libarch__arm__core__aarch32__cortex_m.a(irq_init.c.obj)
                0x0000000000001234                z_arm_interrupt_init
 .text._reset_section
                0x0000000000001264       0x28 zephyr/arch/arch/arm/core/aarch32/cortex_m/libarch__arm__core__aarch32__cortex_m.a(reset.S.obj)
                0x0000000000001264                z_arm_reset
                0x0000000000001264                __start
 .text.z_impl_k_thread_abort
                0x000000000000128c       0x38 zephyr/arch/arch/arm/core/aarch32/cortex_m/libarch__arm__core__aarch32__cortex_m.a(thread_abort.c.obj)
                0x000000000000128c                z_impl_k_thread_abort
 .text.malloc_prepare
                0x00000000000012c4       0x48 zephyr/lib/libc/newlib/liblib__libc__newlib.a(libc-hooks.c.obj)
 .text.__stdout_hook_install
                0x000000000000130c        0xc zephyr/lib/libc/newlib/liblib__libc__newlib.a(libc-hooks.c.obj)
                0x000000000000130c                __stdout_hook_install
 .text._sbrk    0x0000000000001318       0x2c zephyr/lib/libc/newlib/liblib__libc__newlib.a(libc-hooks.c.obj)
                0x0000000000001318                _sbrk
                0x0000000000001318                sbrk
 .text.__retarget_lock_acquire_recursive
                0x0000000000001344       0x38 zephyr/lib/libc/newlib/liblib__libc__newlib.a(libc-hooks.c.obj)
                0x0000000000001344                __retarget_lock_acquire_recursive
 .text.__retarget_lock_release_recursive
                0x000000000000137c       0x34 zephyr/lib/libc/newlib/liblib__libc__newlib.a(libc-hooks.c.obj)
                0x000000000000137c                __retarget_lock_release_recursive
 .text.ztest_find_test_suite
                0x00000000000013b0       0x2c zephyr/subsys/testsuite/ztest/libsubsys__testsuite__ztest.a(ztest_new.c.obj)
 .text.test_cb  0x00000000000013dc       0x58 zephyr/subsys/testsuite/ztest/libsubsys__testsuite__ztest.a(ztest_new.c.obj)
 .text.test_finalize
                0x0000000000001434       0x18 zephyr/subsys/testsuite/ztest/libsubsys__testsuite__ztest.a(ztest_new.c.obj)
 .text.ztest_test_fail
                0x000000000000144c       0x54 zephyr/subsys/testsuite/ztest/libsubsys__testsuite__ztest.a(ztest_new.c.obj)
                0x000000000000144c                ztest_test_fail
 .text.z_ztest_get_next_test
                0x00000000000014a0       0x34 zephyr/subsys/testsuite/ztest/libsubsys__testsuite__ztest.a(ztest_new.c.obj)
                0x00000000000014a0                z_ztest_get_next_test
 .text.z_ztest_run_test_suite_ptr
                0x00000000000014d4      0x2dc zephyr/subsys/testsuite/ztest/libsubsys__testsuite__ztest.a(ztest_new.c.obj)
 .text.z_impl_ztest_run_test_suites
                0x00000000000017b0       0x8c zephyr/subsys/testsuite/ztest/libsubsys__testsuite__ztest.a(ztest_new.c.obj)
                0x00000000000017b0                z_impl_ztest_run_test_suites
 .text.ztest_verify_all_test_suites_ran
                0x000000000000183c       0xa0 zephyr/subsys/testsuite/ztest/libsubsys__testsuite__ztest.a(ztest_new.c.obj)
                0x000000000000183c                ztest_verify_all_test_suites_ran
 .text.ztest_run_all
                0x00000000000018dc       0x10 zephyr/subsys/testsuite/ztest/libsubsys__testsuite__ztest.a(ztest_new.c.obj)
                0x00000000000018dc                ztest_run_all
 .text.main     0x00000000000018ec      0x1c4 zephyr/subsys/testsuite/ztest/libsubsys__testsuite__ztest.a(ztest_new.c.obj)
                0x00000000000018ec                main
 .text.wait_synchronization
                0x0000000000001ab0       0x10 zephyr/drivers/interrupt_controller/libdrivers__interrupt_controller.a(intc_sam0_eic.c.obj)
 .text.sam0_eic_isr
                0x0000000000001ac0       0x48 zephyr/drivers/interrupt_controller/libdrivers__interrupt_controller.a(intc_sam0_eic.c.obj)
 .text.sam0_eic_init
                0x0000000000001b08       0x44 zephyr/drivers/interrupt_controller/libdrivers__interrupt_controller.a(intc_sam0_eic.c.obj)
 .text.sam0_eic_check_ownership
                0x0000000000001b4c       0x2c zephyr/drivers/interrupt_controller/libdrivers__interrupt_controller.a(intc_sam0_eic.c.obj)
 .text.sam0_eic_acquire
                0x0000000000001b78      0x108 zephyr/drivers/interrupt_controller/libdrivers__interrupt_controller.a(intc_sam0_eic.c.obj)
                0x0000000000001b78                sam0_eic_acquire
 .text.sam0_eic_release
                0x0000000000001c80       0x8c zephyr/drivers/interrupt_controller/libdrivers__interrupt_controller.a(intc_sam0_eic.c.obj)
                0x0000000000001c80                sam0_eic_release
 .text.sam0_eic_enable_interrupt
                0x0000000000001d0c       0x38 zephyr/drivers/interrupt_controller/libdrivers__interrupt_controller.a(intc_sam0_eic.c.obj)
                0x0000000000001d0c                sam0_eic_enable_interrupt
 .text.sam0_eic_disable_interrupt
                0x0000000000001d44       0x38 zephyr/drivers/interrupt_controller/libdrivers__interrupt_controller.a(intc_sam0_eic.c.obj)
                0x0000000000001d44                sam0_eic_disable_interrupt
 .text.sam0_eic_interrupt_pending
                0x0000000000001d7c       0x4c zephyr/drivers/interrupt_controller/libdrivers__interrupt_controller.a(intc_sam0_eic.c.obj)
                0x0000000000001d7c                sam0_eic_interrupt_pending
 .text.uart_console_init
                0x0000000000001dc8       0x2c zephyr/drivers/console/libdrivers__console.a(uart_console.c.obj)
 .text.console_out
                0x0000000000001df4       0x28 zephyr/drivers/console/libdrivers__console.a(uart_console.c.obj)
 .text.gpio_sam0_manage_callback
                0x0000000000001e1c       0xb0 zephyr/drivers/gpio/libdrivers__gpio.a(gpio_sam0.c.obj)
 .text.gpio_sam0_pin_interrupt_configure
                0x0000000000001ecc       0xf8 zephyr/drivers/gpio/libdrivers__gpio.a(gpio_sam0.c.obj)
 .text.gpio_sam0_isr
                0x0000000000001fc4       0x60 zephyr/drivers/gpio/libdrivers__gpio.a(gpio_sam0.c.obj)
 .text.pinctrl_configure_pins
                0x0000000000002024       0x78 zephyr/drivers/pinctrl/libdrivers__pinctrl.a(pinctrl_sam0.c.obj)
                0x0000000000002024                pinctrl_configure_pins
 .text.uart_sam0_init
                0x000000000000209c       0xe4 zephyr/drivers/serial/libdrivers__serial.a(uart_sam0.c.obj)
 .text.uart_sam0_configure
                0x0000000000002180      0x120 zephyr/drivers/serial/libdrivers__serial.a(uart_sam0.c.obj)
 .text.elapsed  0x00000000000022a0       0x38 zephyr/drivers/timer/libdrivers__timer.a(cortex_m_systick.c.obj)
 .text.sys_clock_driver_init
                0x00000000000022d8       0x3c zephyr/drivers/timer/libdrivers__timer.a(cortex_m_systick.c.obj)
 .text.sys_clock_isr
                0x0000000000002314       0x44 zephyr/drivers/timer/libdrivers__timer.a(cortex_m_systick.c.obj)
                0x0000000000002314                sys_clock_isr
 .text.sys_clock_set_timeout
                0x0000000000002358      0x164 zephyr/drivers/timer/libdrivers__timer.a(cortex_m_systick.c.obj)
                0x0000000000002358                sys_clock_set_timeout
 .text.sys_clock_elapsed
                0x00000000000024bc       0xa8 zephyr/drivers/timer/libdrivers__timer.a(cortex_m_systick.c.obj)
                0x00000000000024bc                sys_clock_elapsed
 .text.sys_clock_cycle_get_32
                0x0000000000002564       0x94 zephyr/drivers/timer/libdrivers__timer.a(cortex_m_systick.c.obj)
                0x0000000000002564                sys_clock_cycle_get_32
 .text.z_device_state_init
                0x00000000000025f8       0x48 zephyr/kernel/libkernel.a(device.c.obj)
                0x00000000000025f8                z_device_state_init
 .text.k_sys_fatal_error_handler
                0x0000000000002640       0x18 zephyr/kernel/libkernel.a(fatal.c.obj)
                0x0000000000002640                k_sys_fatal_error_handler
 .text.z_fatal_error
                0x0000000000002658       0xac zephyr/kernel/libkernel.a(fatal.c.obj)
                0x0000000000002658                z_fatal_error
 .text.z_sys_init_run_level
                0x0000000000002704       0x54 zephyr/kernel/libkernel.a(init.c.obj)
 .text.bg_thread_main
                0x0000000000002758       0x38 zephyr/kernel/libkernel.a(init.c.obj)
 .text.z_bss_zero
                0x0000000000002790       0x18 zephyr/kernel/libkernel.a(init.c.obj)
                0x0000000000002790                z_bss_zero
 .text.z_init_cpu
                0x00000000000027a8       0x70 zephyr/kernel/libkernel.a(init.c.obj)
                0x00000000000027a8                z_init_cpu
 .text.z_cstart
                0x0000000000002818       0xb0 zephyr/kernel/libkernel.a(init.c.obj)
                0x0000000000002818                z_cstart
 .text.z_impl_k_thread_name_set
                0x00000000000028c8       0x20 zephyr/kernel/libkernel.a(thread.c.obj)
                0x00000000000028c8                z_impl_k_thread_name_set
 .text.z_setup_new_thread
                0x00000000000028e8       0xc8 zephyr/kernel/libkernel.a(thread.c.obj)
                0x00000000000028e8                z_setup_new_thread
 .text.z_impl_k_thread_create
                0x00000000000029b0       0x90 zephyr/kernel/libkernel.a(thread.c.obj)
                0x00000000000029b0                z_impl_k_thread_create
 .text.z_init_static_threads
                0x0000000000002a40       0xe4 zephyr/kernel/libkernel.a(thread.c.obj)
                0x0000000000002a40                z_init_static_threads
 .text.z_spin_lock_valid
                0x0000000000002b24       0x20 zephyr/kernel/libkernel.a(thread.c.obj)
                0x0000000000002b24                z_spin_lock_valid
 .text.z_spin_unlock_valid
                0x0000000000002b44       0x1c zephyr/kernel/libkernel.a(thread.c.obj)
                0x0000000000002b44                z_spin_unlock_valid
 .text.z_spin_lock_set_owner
                0x0000000000002b60       0x10 zephyr/kernel/libkernel.a(thread.c.obj)
                0x0000000000002b60                z_spin_lock_set_owner
 .text.idle     0x0000000000002b70       0x40 zephyr/kernel/libkernel.a(idle.c.obj)
                0x0000000000002b70                idle
 .text.z_impl_k_mutex_lock
                0x0000000000002bb0      0x1b0 zephyr/kernel/libkernel.a(mutex.c.obj)
                0x0000000000002bb0                z_impl_k_mutex_lock
 .text.z_impl_k_mutex_unlock
                0x0000000000002d60      0x128 zephyr/kernel/libkernel.a(mutex.c.obj)
                0x0000000000002d60                z_impl_k_mutex_unlock
 .text.sliceable
                0x0000000000002e88       0x40 zephyr/kernel/libkernel.a(sched.c.obj)
 .text.slice_timeout
                0x0000000000002ec8       0x6c zephyr/kernel/libkernel.a(sched.c.obj)
 .text.z_reset_time_slice
                0x0000000000002f34       0x4c zephyr/kernel/libkernel.a(sched.c.obj)
                0x0000000000002f34                z_reset_time_slice
 .text.update_cache
                0x0000000000002f80       0x74 zephyr/kernel/libkernel.a(sched.c.obj)
 .text.ready_thread
                0x0000000000002ff4       0x98 zephyr/kernel/libkernel.a(sched.c.obj)
 .text.z_ready_thread
                0x000000000000308c       0x8c zephyr/kernel/libkernel.a(sched.c.obj)
                0x000000000000308c                z_ready_thread
 .text.z_reschedule
                0x0000000000003118       0x90 zephyr/kernel/libkernel.a(sched.c.obj)
                0x0000000000003118                z_reschedule
 .text.z_sched_start
                0x00000000000031a8       0xa4 zephyr/kernel/libkernel.a(sched.c.obj)
                0x00000000000031a8                z_sched_start
 .text.k_sched_lock
                0x000000000000324c       0xe0 zephyr/kernel/libkernel.a(sched.c.obj)
                0x000000000000324c                k_sched_lock
 .text.k_sched_unlock
                0x000000000000332c       0xf0 zephyr/kernel/libkernel.a(sched.c.obj)
                0x000000000000332c                k_sched_unlock
 .text.z_priq_dumb_remove
                0x000000000000341c       0x44 zephyr/kernel/libkernel.a(sched.c.obj)
                0x000000000000341c                z_priq_dumb_remove
 .text.move_thread_to_end_of_prio_q
                0x0000000000003460       0xa8 zephyr/kernel/libkernel.a(sched.c.obj)
 .text.z_time_slice
                0x0000000000003508       0xc8 zephyr/kernel/libkernel.a(sched.c.obj)
                0x0000000000003508                z_time_slice
 .text.unready_thread
                0x00000000000035d0       0x34 zephyr/kernel/libkernel.a(sched.c.obj)
 .text.add_to_waitq_locked
                0x0000000000003604       0x80 zephyr/kernel/libkernel.a(sched.c.obj)
 .text.pend_locked
                0x0000000000003684       0x2c zephyr/kernel/libkernel.a(sched.c.obj)
 .text.z_pend_curr
                0x00000000000036b0       0xec zephyr/kernel/libkernel.a(sched.c.obj)
                0x00000000000036b0                z_pend_curr
 .text.z_set_prio
                0x000000000000379c      0x138 zephyr/kernel/libkernel.a(sched.c.obj)
                0x000000000000379c                z_set_prio
 .text.z_impl_k_thread_suspend
                0x00000000000038d4       0xcc zephyr/kernel/libkernel.a(sched.c.obj)
                0x00000000000038d4                z_impl_k_thread_suspend
 .text.unpend_thread_no_timeout
                0x00000000000039a0       0x44 zephyr/kernel/libkernel.a(sched.c.obj)
 .text.z_sched_wake_thread
                0x00000000000039e4       0xb0 zephyr/kernel/libkernel.a(sched.c.obj)
                0x00000000000039e4                z_sched_wake_thread
 .text.z_unpend_first_thread
                0x0000000000003a94       0xa4 zephyr/kernel/libkernel.a(sched.c.obj)
                0x0000000000003a94                z_unpend_first_thread
 .text.z_sched_init
                0x0000000000003b38       0x14 zephyr/kernel/libkernel.a(sched.c.obj)
                0x0000000000003b38                z_sched_init
 .text.z_impl_k_yield
                0x0000000000003b4c      0x13c zephyr/kernel/libkernel.a(sched.c.obj)
                0x0000000000003b4c                z_impl_k_yield
 .text.z_tick_sleep
                0x0000000000003c88      0x158 zephyr/kernel/libkernel.a(sched.c.obj)
 .text.z_impl_k_sleep
                0x0000000000003de0       0x6c zephyr/kernel/libkernel.a(sched.c.obj)
                0x0000000000003de0                z_impl_k_sleep
 .text.z_impl_z_current_get
                0x0000000000003e4c        0xc zephyr/kernel/libkernel.a(sched.c.obj)
                0x0000000000003e4c                z_impl_z_current_get
 .text.z_thread_abort
                0x0000000000003e58      0x1a4 zephyr/kernel/libkernel.a(sched.c.obj)
                0x0000000000003e58                z_thread_abort
 .text.z_impl_k_thread_join
                0x0000000000003ffc      0x14c zephyr/kernel/libkernel.a(sched.c.obj)
                0x0000000000003ffc                z_impl_k_thread_join
 .text.z_data_copy
                0x0000000000004148       0x34 zephyr/kernel/libkernel.a(xip.c.obj)
                0x0000000000004148                z_data_copy
 .text.elapsed  0x000000000000417c       0x18 zephyr/kernel/libkernel.a(timeout.c.obj)
 .text.next_timeout
                0x0000000000004194       0x44 zephyr/kernel/libkernel.a(timeout.c.obj)
 .text.remove_timeout
                0x00000000000041d8       0x38 zephyr/kernel/libkernel.a(timeout.c.obj)
 .text.z_add_timeout
                0x0000000000004210      0x17c zephyr/kernel/libkernel.a(timeout.c.obj)
                0x0000000000004210                z_add_timeout
 .text.z_abort_timeout
                0x000000000000438c       0x9c zephyr/kernel/libkernel.a(timeout.c.obj)
                0x000000000000438c                z_abort_timeout
 .text.sys_clock_announce
                0x0000000000004428      0x16c zephyr/kernel/libkernel.a(timeout.c.obj)
                0x0000000000004428                sys_clock_announce
 .text.sys_clock_tick_get
                0x0000000000004594       0xa0 zephyr/kernel/libkernel.a(timeout.c.obj)
                0x0000000000004594                sys_clock_tick_get
 .text.boot_banner
                0x0000000000004634       0x10 zephyr/kernel/libkernel.a(banner.c.obj)
                0x0000000000004634                boot_banner
 .text.malloc   0x0000000000004644       0x14 /home/server/zephyr-sdk-0.16.1/arm-zephyr-eabi/arm-zephyr-eabi/lib/thumb/v6-m/nofp/libc.a(lib_a-malloc.o)
                0x0000000000004644                malloc
 .text.free     0x0000000000004658       0x14 /home/server/zephyr-sdk-0.16.1/arm-zephyr-eabi/arm-zephyr-eabi/lib/thumb/v6-m/nofp/libc.a(lib_a-malloc.o)
                0x0000000000004658                free
 .text._malloc_r
                0x000000000000466c      0x548 /home/server/zephyr-sdk-0.16.1/arm-zephyr-eabi/arm-zephyr-eabi/lib/thumb/v6-m/nofp/libc.a(lib_a-mallocr.o)
                0x000000000000466c                _malloc_r
 .text.memcpy   0x0000000000004bb4       0x90 /home/server/zephyr-sdk-0.16.1/arm-zephyr-eabi/arm-zephyr-eabi/lib/thumb/v6-m/nofp/libc.a(lib_a-memcpy-stub.o)
                0x0000000000004bb4                memcpy
 .text.memset   0x0000000000004c44       0xa8 /home/server/zephyr-sdk-0.16.1/arm-zephyr-eabi/arm-zephyr-eabi/lib/thumb/v6-m/nofp/libc.a(lib_a-memset.o)
                0x0000000000004c44                memset
 .text.__malloc_lock
                0x0000000000004cec       0x10 /home/server/zephyr-sdk-0.16.1/arm-zephyr-eabi/arm-zephyr-eabi/lib/thumb/v6-m/nofp/libc.a(lib_a-mlock.o)
                0x0000000000004cec                __malloc_lock
 .text.__malloc_unlock
                0x0000000000004cfc       0x10 /home/server/zephyr-sdk-0.16.1/arm-zephyr-eabi/arm-zephyr-eabi/lib/thumb/v6-m/nofp/libc.a(lib_a-mlock.o)
                0x0000000000004cfc                __malloc_unlock
 .text._sbrk_r  0x0000000000004d0c       0x24 /home/server/zephyr-sdk-0.16.1/arm-zephyr-eabi/arm-zephyr-eabi/lib/thumb/v6-m/nofp/libc.a(lib_a-sbrkr.o)
                0x0000000000004d0c                _sbrk_r
 .text.strlen   0x0000000000004d30       0x5c /home/server/zephyr-sdk-0.16.1/arm-zephyr-eabi/arm-zephyr-eabi/lib/thumb/v6-m/nofp/libc.a(lib_a-strlen-stub.o)
                0x0000000000004d30                strlen
 .text.strncpy  0x0000000000004d8c       0x60 /home/server/zephyr-sdk-0.16.1/arm-zephyr-eabi/arm-zephyr-eabi/lib/thumb/v6-m/nofp/libc.a(lib_a-strncpy.o)
                0x0000000000004d8c                strncpy
 .text.strnlen  0x0000000000004dec       0x24 /home/server/zephyr-sdk-0.16.1/arm-zephyr-eabi/arm-zephyr-eabi/lib/thumb/v6-m/nofp/libc.a(lib_a-strnlen.o)
                0x0000000000004dec                strnlen
 .text._malloc_trim_r
                0x0000000000004e10       0xa8 /home/server/zephyr-sdk-0.16.1/arm-zephyr-eabi/arm-zephyr-eabi/lib/thumb/v6-m/nofp/libc.a(lib_a-freer.o)
                0x0000000000004e10                _malloc_trim_r
 .text._free_r  0x0000000000004eb8      0x1d4 /home/server/zephyr-sdk-0.16.1/arm-zephyr-eabi/arm-zephyr-eabi/lib/thumb/v6-m/nofp/libc.a(lib_a-freer.o)
                0x0000000000004eb8                _free_r
 .text._OffsetAbsSyms
                0x000000000000508c        0x2 zephyr/CMakeFiles/offsets.dir/./arch/arm/core/offsets/offsets.c.obj
                0x000000000000508c                _OffsetAbsSyms
 .text._Z9cpp_setupv
                0x000000000000508e        0xe app/libapp.a(main.cpp.obj)
                0x000000000000508e                cpp_setup()
 .text._Z12cpp_teardownPv
                0x000000000000509c        0xc app/libapp.a(main.cpp.obj)
                0x000000000000509c                cpp_teardown(void*)
 .text.semihost_open
                0x00000000000050a8       0x20 zephyr/libzephyr.a(semihost.c.obj)
                0x00000000000050a8                semihost_open
 .text.semihost_close
                0x00000000000050c8        0xe zephyr/libzephyr.a(semihost.c.obj)
                0x00000000000050c8                semihost_close
 .text.semihost_write
                0x00000000000050d6       0x14 zephyr/libzephyr.a(semihost.c.obj)
                0x00000000000050d6                semihost_write
 .text.z_cpp_init_static
                0x00000000000050ea        0xc zephyr/libzephyr.a(cpp_init.c.obj)
                0x00000000000050ea                z_cpp_init_static
 .text._Znwj    0x00000000000050f6        0x8 zephyr/libzephyr.a(cpp_new.cpp.obj)
                0x00000000000050f6                operator new(unsigned int)
 .text._ZdlPv   0x00000000000050fe        0x8 zephyr/libzephyr.a(cpp_new.cpp.obj)
                0x00000000000050fe                operator delete(void*)
 .text.arch_printk_char_out
                0x0000000000005106        0x4 zephyr/libzephyr.a(printk.c.obj)
                0x0000000000005106                arch_printk_char_out
 .text.str_out  0x000000000000510a       0x2a zephyr/libzephyr.a(printk.c.obj)
 .text.printk   0x0000000000005134       0x16 zephyr/libzephyr.a(printk.c.obj)
                0x0000000000005134                printk
 .text.z_thread_entry
                0x000000000000514a       0x14 zephyr/libzephyr.a(thread_entry.c.obj)
                0x000000000000514a                z_thread_entry
 .text.outs     0x000000000000515e       0x2c zephyr/libzephyr.a(cbprintf_complete.c.obj)
 .text.assert_post_action
                0x000000000000518a        0x8 zephyr/libzephyr.a(assert.c.obj)
                0x000000000000518a                assert_post_action
 .text.assert_print
                0x0000000000005192       0x16 zephyr/libzephyr.a(assert.c.obj)
                0x0000000000005192                assert_print
 .text._ConfigAbsSyms
                0x00000000000051a8        0x2 zephyr/libzephyr.a(configs.c.obj)
                0x00000000000051a8                _ConfigAbsSyms
 .text.soc_port_pinmux_set
                0x00000000000051aa       0x34 zephyr/libzephyr.a(soc_port.c.obj)
                0x00000000000051aa                soc_port_pinmux_set
 .text.soc_port_configure
                0x00000000000051de       0x6c zephyr/libzephyr.a(soc_port.c.obj)
                0x00000000000051de                soc_port_configure
 .text.z_log_minimal_printk
                0x000000000000524a       0x16 zephyr/libzephyr.a(log_minimal.c.obj)
                0x000000000000524a                z_log_minimal_printk
 .text.z_do_kernel_oops
                0x0000000000005260        0xc zephyr/arch/arch/arm/core/aarch32/libarch__arm__core__aarch32.a(fatal.c.obj)
                0x0000000000005260                z_do_kernel_oops
 .text.z_irq_spurious
                0x000000000000526c        0xc zephyr/arch/arch/arm/core/aarch32/libarch__arm__core__aarch32.a(irq_manage.c.obj)
                0x000000000000526c                z_irq_spurious
 .text.z_arm_nmi
                0x0000000000005278        0xc zephyr/arch/arch/arm/core/aarch32/libarch__arm__core__aarch32.a(nmi.c.obj)
                0x0000000000005278                z_arm_nmi
 .text.z_arm_fault_init
                0x0000000000005284        0x2 zephyr/arch/arch/arm/core/aarch32/cortex_m/libarch__arm__core__aarch32__cortex_m.a(fault.c.obj)
                0x0000000000005284                z_arm_fault_init
 .text.semihost_exec
                0x0000000000005286        0x4 zephyr/arch/arch/arm/core/aarch32/cortex_m/libarch__arm__core__aarch32__cortex_m.a(semihost.c.obj)
                0x0000000000005286                semihost_exec
 .text._stdout_hook_default
                0x000000000000528a        0x6 zephyr/lib/libc/newlib/liblib__libc__newlib.a(libc-hooks.c.obj)
 .text.test_main
                0x0000000000005290        0xe zephyr/subsys/testsuite/ztest/libsubsys__testsuite__ztest.a(ztest_new.c.obj)
                0x0000000000005290                test_main
 .text.z_ztest_should_suite_run
                0x000000000000529e       0x12 zephyr/subsys/testsuite/ztest/libsubsys__testsuite__ztest.a(ztest_defaults.c.obj)
                0x000000000000529e                z_ztest_should_suite_run
 .text.z_ztest_should_test_run
                0x00000000000052b0        0x4 zephyr/subsys/testsuite/ztest/libsubsys__testsuite__ztest.a(ztest_defaults.c.obj)
                0x00000000000052b0                z_ztest_should_test_run
 .text.z_ztest_run_all
                0x00000000000052b4        0x8 zephyr/subsys/testsuite/ztest/libsubsys__testsuite__ztest.a(ztest_defaults.c.obj)
                0x00000000000052b4                z_ztest_run_all
 .text.ztest_relative_filename
                0x00000000000052bc        0x2 zephyr/subsys/testsuite/ztest/libsubsys__testsuite__ztest.a(ztest_defaults.c.obj)
                0x00000000000052bc                ztest_relative_filename
 .text.gpio_sam0_config
                0x00000000000052be       0x78 zephyr/drivers/gpio/libdrivers__gpio.a(gpio_sam0.c.obj)
 .text.gpio_sam0_port_get_raw
                0x0000000000005336        0xc zephyr/drivers/gpio/libdrivers__gpio.a(gpio_sam0.c.obj)
 .text.gpio_sam0_port_set_masked_raw
                0x0000000000005342       0x12 zephyr/drivers/gpio/libdrivers__gpio.a(gpio_sam0.c.obj)
 .text.gpio_sam0_port_set_bits_raw
                0x0000000000005354        0xa zephyr/drivers/gpio/libdrivers__gpio.a(gpio_sam0.c.obj)
 .text.gpio_sam0_port_clear_bits_raw
                0x000000000000535e        0xa zephyr/drivers/gpio/libdrivers__gpio.a(gpio_sam0.c.obj)
 .text.gpio_sam0_port_toggle_bits
                0x0000000000005368        0xa zephyr/drivers/gpio/libdrivers__gpio.a(gpio_sam0.c.obj)
 .text.gpio_sam0_init
                0x0000000000005372        0x4 zephyr/drivers/gpio/libdrivers__gpio.a(gpio_sam0.c.obj)
 .text.gpio_sam0_get_pending_int
                0x0000000000005376        0xc zephyr/drivers/gpio/libdrivers__gpio.a(gpio_sam0.c.obj)
 .text.pinctrl_lookup_state
                0x0000000000005382       0x26 zephyr/drivers/pinctrl/libdrivers__pinctrl.a(common.c.obj)
                0x0000000000005382                pinctrl_lookup_state
 .text.wait_synchronization
                0x00000000000053a8        0xa zephyr/drivers/serial/libdrivers__serial.a(uart_sam0.c.obj)
 .text.uart_sam0_poll_in
                0x00000000000053b2       0x18 zephyr/drivers/serial/libdrivers__serial.a(uart_sam0.c.obj)
 .text.uart_sam0_poll_out
                0x00000000000053ca        0xe zephyr/drivers/serial/libdrivers__serial.a(uart_sam0.c.obj)
 .text.uart_sam0_err_check
                0x00000000000053d8       0x32 zephyr/drivers/serial/libdrivers__serial.a(uart_sam0.c.obj)
 .text.uart_sam0_isr
                0x000000000000540a       0x10 zephyr/drivers/serial/libdrivers__serial.a(uart_sam0.c.obj)
 .text.uart_sam0_fifo_fill
                0x000000000000541a       0x1e zephyr/drivers/serial/libdrivers__serial.a(uart_sam0.c.obj)
 .text.uart_sam0_irq_tx_enable
                0x0000000000005438        0xa zephyr/drivers/serial/libdrivers__serial.a(uart_sam0.c.obj)
 .text.uart_sam0_irq_tx_disable
                0x0000000000005442        0xa zephyr/drivers/serial/libdrivers__serial.a(uart_sam0.c.obj)
 .text.uart_sam0_irq_tx_ready
                0x000000000000544c       0x14 zephyr/drivers/serial/libdrivers__serial.a(uart_sam0.c.obj)
 .text.uart_sam0_irq_tx_complete
                0x0000000000005460       0x14 zephyr/drivers/serial/libdrivers__serial.a(uart_sam0.c.obj)
 .text.uart_sam0_irq_rx_enable
                0x0000000000005474        0xa zephyr/drivers/serial/libdrivers__serial.a(uart_sam0.c.obj)
 .text.uart_sam0_irq_rx_disable
                0x000000000000547e        0xa zephyr/drivers/serial/libdrivers__serial.a(uart_sam0.c.obj)
 .text.uart_sam0_irq_rx_ready
                0x0000000000005488        0xc zephyr/drivers/serial/libdrivers__serial.a(uart_sam0.c.obj)
 .text.uart_sam0_fifo_read
                0x0000000000005494       0x22 zephyr/drivers/serial/libdrivers__serial.a(uart_sam0.c.obj)
 .text.uart_sam0_irq_is_pending
                0x00000000000054b6       0x10 zephyr/drivers/serial/libdrivers__serial.a(uart_sam0.c.obj)
 .text.uart_sam0_irq_update
                0x00000000000054c6        0xc zephyr/drivers/serial/libdrivers__serial.a(uart_sam0.c.obj)
 .text.uart_sam0_irq_callback_set
                0x00000000000054d2        0x8 zephyr/drivers/serial/libdrivers__serial.a(uart_sam0.c.obj)
 .text.uart_sam0_irq_config_0
                0x00000000000054da       0x14 zephyr/drivers/serial/libdrivers__serial.a(uart_sam0.c.obj)
 .text.uart_sam0_irq_config_1
                0x00000000000054ee       0x14 zephyr/drivers/serial/libdrivers__serial.a(uart_sam0.c.obj)
 .text.uart_sam0_irq_config_2
                0x0000000000005502       0x14 zephyr/drivers/serial/libdrivers__serial.a(uart_sam0.c.obj)
 .text.uart_sam0_config_get
                0x0000000000005516       0x12 zephyr/drivers/serial/libdrivers__serial.a(uart_sam0.c.obj)
 .text.z_device_is_ready
                0x0000000000005528       0x1a zephyr/kernel/libkernel.a(device.c.obj)
                0x0000000000005528                z_device_is_ready
 .text.arch_system_halt
                0x0000000000005542        0x8 zephyr/kernel/libkernel.a(fatal.c.obj)
                0x0000000000005542                arch_system_halt
 .text.z_early_memset
                0x000000000000554a        0x8 zephyr/kernel/libkernel.a(init.c.obj)
                0x000000000000554a                z_early_memset
 .text.z_early_memcpy
                0x0000000000005552        0x8 zephyr/kernel/libkernel.a(init.c.obj)
                0x0000000000005552                z_early_memcpy
 .text.k_thread_name_get
                0x000000000000555a        0x4 zephyr/kernel/libkernel.a(thread.c.obj)
                0x000000000000555a                k_thread_name_get
 .text.z_impl_k_thread_start
                0x000000000000555e        0x8 zephyr/kernel/libkernel.a(thread.c.obj)
                0x000000000000555e                z_impl_k_thread_start
 .text.adjust_owner_prio.isra.0
                0x0000000000005566       0x16 zephyr/kernel/libkernel.a(mutex.c.obj)
 .text.z_reschedule_irqlock
                0x000000000000557c       0x1c zephyr/kernel/libkernel.a(sched.c.obj)
                0x000000000000557c                z_reschedule_irqlock
 .text.z_reschedule_unlocked
                0x0000000000005598        0xe zephyr/kernel/libkernel.a(sched.c.obj)
 .text.z_thread_timeout
                0x00000000000055a6        0xc zephyr/kernel/libkernel.a(sched.c.obj)
                0x00000000000055a6                z_thread_timeout
 .text.sys_clock_tick_get_32
                0x00000000000055b2        0x8 zephyr/kernel/libkernel.a(timeout.c.obj)
                0x00000000000055b2                sys_clock_tick_get_32
 *(SORT_BY_ALIGNMENT(.TEXT.*))
 *(SORT_BY_ALIGNMENT(.gnu.linkonce.t.*))
 *(SORT_BY_ALIGNMENT(.glue_7t))
 .glue_7t       0x00000000000055ba        0x0 linker stubs
 *(SORT_BY_ALIGNMENT(.glue_7))
 .glue_7        0x00000000000055ba        0x0 linker stubs
 *(SORT_BY_ALIGNMENT(.vfp11_veneer))
 .vfp11_veneer  0x00000000000055ba        0x0 linker stubs
 *(SORT_BY_ALIGNMENT(.v4_bx))
 .v4_bx         0x00000000000055ba        0x0 linker stubs
                0x00000000000055bc                . = ALIGN (0x4)
 *fill*         0x00000000000055ba        0x2 
                0x00000000000055bc                __text_region_end = .

.ARM.extab
 *(SORT_BY_ALIGNMENT(.ARM.extab*) SORT_BY_ALIGNMENT(.gnu.linkonce.armextab.*))

.ARM.exidx      0x00000000000055bc        0x8
                0x00000000000055bc                __exidx_start = .
 *(SORT_BY_ALIGNMENT(.ARM.exidx*) SORT_BY_ALIGNMENT(gnu.linkonce.armexidx.*))
 .ARM.exidx     0x00000000000055bc        0x8 /home/server/zephyr-sdk-0.16.1/arm-zephyr-eabi/bin/../lib/gcc/arm-zephyr-eabi/12.2.0/thumb/v6-m/nofp/libgcc.a(_udivmoddi4.o)
                0x00000000000055c4                __exidx_end = .
                0x00000000000055c4                __rodata_region_start = .

initlevel       0x00000000000055c4       0x58
                0x00000000000055c4                __init_start = .
                0x00000000000055c4                __init_EARLY_start = .
 *(SORT_BY_NAME(SORT_BY_ALIGNMENT(.z_init_EARLY?_*)))
 *(SORT_BY_NAME(SORT_BY_ALIGNMENT(.z_init_EARLY??_*)))
                0x00000000000055c4                __init_PRE_KERNEL_1_start = .
 *(SORT_BY_NAME(SORT_BY_ALIGNMENT(.z_init_PRE_KERNEL_1?_*)))
 .z_init_PRE_KERNEL_10_
                0x00000000000055c4        0x8 zephyr/libzephyr.a(soc_samc2x.c.obj)
 *(SORT_BY_NAME(SORT_BY_ALIGNMENT(.z_init_PRE_KERNEL_1??_*)))
 .z_init_PRE_KERNEL_140_
                0x00000000000055cc        0x8 zephyr/drivers/interrupt_controller/libdrivers__interrupt_controller.a(intc_sam0_eic.c.obj)
 .z_init_PRE_KERNEL_140_
                0x00000000000055d4       0x18 zephyr/drivers/gpio/libdrivers__gpio.a(gpio_sam0.c.obj)
 .z_init_PRE_KERNEL_155_
                0x00000000000055ec       0x18 zephyr/drivers/serial/libdrivers__serial.a(uart_sam0.c.obj)
 .z_init_PRE_KERNEL_160_
                0x0000000000005604        0x8 zephyr/drivers/console/libdrivers__console.a(uart_console.c.obj)
                0x000000000000560c                __init_PRE_KERNEL_2_start = .
 *(SORT_BY_NAME(SORT_BY_ALIGNMENT(.z_init_PRE_KERNEL_2?_*)))
 .z_init_PRE_KERNEL_20_
                0x000000000000560c        0x8 zephyr/drivers/timer/libdrivers__timer.a(cortex_m_systick.c.obj)
 *(SORT_BY_NAME(SORT_BY_ALIGNMENT(.z_init_PRE_KERNEL_2??_*)))
                0x0000000000005614                __init_POST_KERNEL_start = .
 *(SORT_BY_NAME(SORT_BY_ALIGNMENT(.z_init_POST_KERNEL?_*)))
 *(SORT_BY_NAME(SORT_BY_ALIGNMENT(.z_init_POST_KERNEL??_*)))
 .z_init_POST_KERNEL40_
                0x0000000000005614        0x8 zephyr/lib/libc/newlib/liblib__libc__newlib.a(libc-hooks.c.obj)
                0x000000000000561c                __init_APPLICATION_start = .
 *(SORT_BY_NAME(SORT_BY_ALIGNMENT(.z_init_APPLICATION?_*)))
 *(SORT_BY_NAME(SORT_BY_ALIGNMENT(.z_init_APPLICATION??_*)))
                0x000000000000561c                __init_SMP_start = .
 *(SORT_BY_NAME(SORT_BY_ALIGNMENT(.z_init_SMP?_*)))
 *(SORT_BY_NAME(SORT_BY_ALIGNMENT(.z_init_SMP??_*)))
                0x000000000000561c                __init_end = .

device_area     0x000000000000561c       0xa8
                0x000000000000561c                _device_list_start = .
 *(SORT_BY_NAME(SORT_BY_ALIGNMENT(._device.static.*_?_*)))
 *(SORT_BY_NAME(SORT_BY_ALIGNMENT(._device.static.*_??_*)))
 ._device.static.1_40_
                0x000000000000561c       0x18 zephyr/drivers/interrupt_controller/libdrivers__interrupt_controller.a(intc_sam0_eic.c.obj)
                0x000000000000561c                __device_dts_ord_27
 ._device.static.1_40_
                0x0000000000005634       0x48 zephyr/drivers/gpio/libdrivers__gpio.a(gpio_sam0.c.obj)
                0x0000000000005634                __device_dts_ord_13
                0x000000000000564c                __device_dts_ord_8
                0x0000000000005664                __device_dts_ord_56
 ._device.static.1_55_
                0x000000000000567c       0x48 zephyr/drivers/serial/libdrivers__serial.a(uart_sam0.c.obj)
                0x000000000000567c                __device_dts_ord_38
                0x0000000000005694                __device_dts_ord_35
                0x00000000000056ac                __device_dts_ord_31
                0x00000000000056c4                _device_list_end = .

sw_isr_table    0x00000000000056c4      0x100
                0x00000000000056c4                . = ALIGN (0x4)
 *(SORT_BY_ALIGNMENT(.gnu.linkonce.sw_isr_table*))
 .gnu.linkonce.sw_isr_table
                0x00000000000056c4      0x100 zephyr/arch/common/libisr_tables.a(isr_tables.c.obj)
                0x00000000000056c4                _sw_isr_table

initlevel_error
                0x00000000000055c4        0x0
 *(SORT_BY_NAME(SORT_BY_ALIGNMENT(.z_init_[_A-Z0-9]*)))
                0x0000000000000001                ASSERT ((SIZEOF (initlevel_error) == 0x0), Undefined initialization levels used.)

app_shmem_regions
                0x00000000000057c4        0x0
                0x00000000000057c4                __app_shmem_regions_start = .
 *(SORT_BY_NAME(SORT_BY_ALIGNMENT(.app_regions.*)))
                0x00000000000057c4                __app_shmem_regions_end = .

k_p4wq_initparam_area
                0x00000000000057c4        0x0
                0x00000000000057c4                _k_p4wq_initparam_list_start = .
 *(SORT_BY_NAME(SORT_BY_ALIGNMENT(._k_p4wq_initparam.static.*)))
                0x00000000000057c4                _k_p4wq_initparam_list_end = .

_static_thread_data_area
                0x00000000000057c4        0x0
                0x00000000000057c4                __static_thread_data_list_start = .
 *(SORT_BY_NAME(SORT_BY_ALIGNMENT(.__static_thread_data.static.*)))
                0x00000000000057c4                __static_thread_data_list_end = .

device_handles  0x00000000000057c4       0x56
                0x00000000000057c4                __device_handles_start = .
 *(SORT_BY_NAME(SORT_BY_ALIGNMENT(.__device_handles_pass1*)))
 .__device_handles_pass1
                0x00000000000057c4        0xa zephyr/drivers/interrupt_controller/libdrivers__interrupt_controller.a(intc_sam0_eic.c.obj)
                0x00000000000057c4                __devicehdl_dts_ord_27
 .__device_handles_pass1
                0x00000000000057ce       0x1c zephyr/drivers/gpio/libdrivers__gpio.a(gpio_sam0.c.obj)
                0x00000000000057ce                __devicehdl_dts_ord_13
                0x00000000000057d8                __devicehdl_dts_ord_8
                0x00000000000057e2                __devicehdl_dts_ord_56
 .__device_handles_pass1
                0x00000000000057ea       0x30 zephyr/drivers/serial/libdrivers__serial.a(uart_sam0.c.obj)
                0x00000000000057ea                __devicehdl_dts_ord_38
                0x00000000000057fa                __devicehdl_dts_ord_35
                0x000000000000580a                __devicehdl_dts_ord_31
                0x000000000000581a                __device_handles_end = .

ztest           0x000000000000581c       0x30
                0x000000000000581c                _ztest_expected_result_entry_list_start = .
 *(SORT_BY_NAME(SORT_BY_ALIGNMENT(._ztest_expected_result_entry.static.*)))
                0x000000000000581c                _ztest_expected_result_entry_list_end = .
                0x000000000000581c                _ztest_suite_node_list_start = .
 *(SORT_BY_NAME(SORT_BY_ALIGNMENT(._ztest_suite_node.static.*)))
 ._ztest_suite_node.static.z_ztest_test_node_cpp_
                0x000000000000581c       0x1c app/libapp.a(main.cpp.obj)
                0x0000000000005838                _ztest_suite_node_list_end = .
                0x0000000000005838                _ztest_unit_test_list_start = .
 *(SORT_BY_NAME(SORT_BY_ALIGNMENT(._ztest_unit_test.static.*)))
 ._ztest_unit_test.static.z_ztest_unit_test__cpp__test_fixture_created_and_initialized_
                0x0000000000005838       0x14 app/libapp.a(main.cpp.obj)
                0x000000000000584c                _ztest_unit_test_list_end = .
                0x000000000000584c                _ztest_test_rule_list_start = .
 *(SORT_BY_NAME(SORT_BY_ALIGNMENT(._ztest_test_rule.static.*)))
                0x000000000000584c                _ztest_test_rule_list_end = .

ctors           0x000000000000584c        0xc
                0x000000000000584c                . = ALIGN (0x4)
                0x000000000000584c                __ZEPHYR_CTOR_LIST__ = .
                0x000000000000584c        0x4 LONG 0x0 (((__ZEPHYR_CTOR_END__ - __ZEPHYR_CTOR_LIST__) / 0x4) - 0x2)
 *(SORT_BY_NAME(SORT_BY_ALIGNMENT(.ctors*)))
                0x0000000000005850                __CTOR_LIST__ = .
                0x0000000000005850        0x4 LONG 0x0
                0x0000000000005854                __ZEPHYR_CTOR_END__ = .
                0x0000000000005854        0x4 LONG 0x0
                0x0000000000005858                __CTOR_END__ = .

init_array      0x0000000000005858        0x0
                0x0000000000005858                . = ALIGN (0x4)
                0x0000000000005858                __init_array_start = .
                0x0000000000005858                __init_array_end = .
                0x0000000000005858                __zephyr_init_array_start = .
 *(SORT_BY_NAME(SORT_BY_ALIGNMENT(.init_array*)))
                0x0000000000005858                __zephyr_init_array_end = .

bt_l2cap_fixed_chan_area
                0x0000000000005858        0x0
                0x0000000000005858                _bt_l2cap_fixed_chan_list_start = .
 *(SORT_BY_NAME(SORT_BY_ALIGNMENT(._bt_l2cap_fixed_chan.static.*)))
                0x0000000000005858                _bt_l2cap_fixed_chan_list_end = .

bt_gatt_service_static_area
                0x0000000000005858        0x0
                0x0000000000005858                _bt_gatt_service_static_list_start = .
 *(SORT_BY_NAME(SORT_BY_ALIGNMENT(._bt_gatt_service_static.static.*)))
                0x0000000000005858                _bt_gatt_service_static_list_end = .

log_strings_area
                0x0000000000005858        0x0
                0x0000000000005858                _log_strings_list_start = .
 *(SORT_BY_NAME(SORT_BY_ALIGNMENT(._log_strings.static.*)))
                0x0000000000005858                _log_strings_list_end = .

log_const_area  0x0000000000005858       0x10
                0x0000000000005858                _log_const_list_start = .
 *(SORT_BY_NAME(SORT_BY_ALIGNMENT(._log_const.static.*)))
 ._log_const.static.log_const_cbprintf_package_
                0x0000000000005858        0x8 zephyr/libzephyr.a(cbprintf_packaged.c.obj)
                0x0000000000005858                log_const_cbprintf_package
 ._log_const.static.log_const_os_
                0x0000000000005860        0x8 zephyr/kernel/libkernel.a(init.c.obj)
                0x0000000000005860                log_const_os
                0x0000000000005868                _log_const_list_end = .

log_backend_area
                0x0000000000005868        0x0
                0x0000000000005868                _log_backend_list_start = .
 *(SORT_BY_NAME(SORT_BY_ALIGNMENT(._log_backend.static.*)))
                0x0000000000005868                _log_backend_list_end = .

log_link_area   0x0000000000005868        0x0
                0x0000000000005868                _log_link_list_start = .
 *(SORT_BY_NAME(SORT_BY_ALIGNMENT(._log_link.static.*)))
                0x0000000000005868                _log_link_list_end = .

tracing_backend_area
                0x0000000000005868        0x0
                0x0000000000005868                _tracing_backend_list_start = .
 *(SORT_BY_NAME(SORT_BY_ALIGNMENT(._tracing_backend.static.*)))
                0x0000000000005868                _tracing_backend_list_end = .

zephyr_dbg_info
 *(SORT_BY_ALIGNMENT(.dbg_thread_info))

symbol_to_keep  0x0000000000005868        0x0
                0x0000000000005868                __symbol_to_keep_start = .
 *(SORT_BY_NAME(SORT_BY_ALIGNMENT(.symbol_to_keep*)))
                0x0000000000005868                __symbol_to_keep_end = .

shell_area      0x0000000000005868        0x0
                0x0000000000005868                _shell_list_start = .
 *(SORT_BY_NAME(SORT_BY_ALIGNMENT(._shell.static.*)))
                0x0000000000005868                _shell_list_end = .

shell_root_cmds_area
                0x0000000000005868        0x0
                0x0000000000005868                _shell_root_cmds_list_start = .
 *(SORT_BY_NAME(SORT_BY_ALIGNMENT(._shell_root_cmds.static.*)))
                0x0000000000005868                _shell_root_cmds_list_end = .

shell_subcmds_area
                0x0000000000005868        0x0
                0x0000000000005868                _shell_subcmds_list_start = .
 *(SORT_BY_NAME(SORT_BY_ALIGNMENT(._shell_subcmds.static.*)))
                0x0000000000005868                _shell_subcmds_list_end = .

shell_dynamic_subcmds_area
                0x0000000000005868        0x0
                0x0000000000005868                _shell_dynamic_subcmds_list_start = .
 *(SORT_BY_NAME(SORT_BY_ALIGNMENT(._shell_dynamic_subcmds.static.*)))
                0x0000000000005868                _shell_dynamic_subcmds_list_end = .

cfb_font_area   0x0000000000005868        0x0
                0x0000000000005868                _cfb_font_list_start = .
 *(SORT_BY_NAME(SORT_BY_ALIGNMENT(._cfb_font.static.*)))
                0x0000000000005868                _cfb_font_list_end = .

rodata          0x0000000000005868     0x1454
 *(SORT_BY_ALIGNMENT(.rodata))
 *(SORT_BY_ALIGNMENT(.rodata.*))
 .rodata.CSWTCH.44
                0x0000000000005868       0x18 zephyr/subsys/testsuite/ztest/libsubsys__testsuite__ztest.a(ztest_new.c.obj)
 .rodata.CSWTCH.40
                0x0000000000005880        0xc zephyr/subsys/testsuite/ztest/libsubsys__testsuite__ztest.a(ztest_new.c.obj)
 .rodata.ztest_api
                0x000000000000588c        0xc zephyr/subsys/testsuite/ztest/libsubsys__testsuite__ztest.a(ztest_defaults.c.obj)
                0x000000000000588c                ztest_api
 .rodata.gpio_sam0_config_2
                0x0000000000005898        0xc zephyr/drivers/gpio/libdrivers__gpio.a(gpio_sam0.c.obj)
 .rodata.gpio_sam0_config_1
                0x00000000000058a4        0xc zephyr/drivers/gpio/libdrivers__gpio.a(gpio_sam0.c.obj)
 .rodata.gpio_sam0_config_0
                0x00000000000058b0        0xc zephyr/drivers/gpio/libdrivers__gpio.a(gpio_sam0.c.obj)
 .rodata.gpio_sam0_api
                0x00000000000058bc       0x24 zephyr/drivers/gpio/libdrivers__gpio.a(gpio_sam0.c.obj)
 .rodata.sam_port_addrs
                0x00000000000058e0        0xc zephyr/drivers/pinctrl/libdrivers__pinctrl.a(pinctrl_sam0.c.obj)
 .rodata.uart_sam0_config_2
                0x00000000000058ec       0x24 zephyr/drivers/serial/libdrivers__serial.a(uart_sam0.c.obj)
 .rodata.__pinctrl_dev_config__device_dts_ord_38
                0x0000000000005910        0x8 zephyr/drivers/serial/libdrivers__serial.a(uart_sam0.c.obj)
 .rodata.__pinctrl_states__device_dts_ord_38
                0x0000000000005918        0x8 zephyr/drivers/serial/libdrivers__serial.a(uart_sam0.c.obj)
 .rodata.__pinctrl_state_pins_0__device_dts_ord_38
                0x0000000000005920        0x8 zephyr/drivers/serial/libdrivers__serial.a(uart_sam0.c.obj)
 .rodata.uart_sam0_config_1
                0x0000000000005928       0x24 zephyr/drivers/serial/libdrivers__serial.a(uart_sam0.c.obj)
 .rodata.__pinctrl_dev_config__device_dts_ord_35
                0x000000000000594c        0x8 zephyr/drivers/serial/libdrivers__serial.a(uart_sam0.c.obj)
 .rodata.__pinctrl_states__device_dts_ord_35
                0x0000000000005954        0x8 zephyr/drivers/serial/libdrivers__serial.a(uart_sam0.c.obj)
 .rodata.__pinctrl_state_pins_0__device_dts_ord_35
                0x000000000000595c        0x8 zephyr/drivers/serial/libdrivers__serial.a(uart_sam0.c.obj)
 .rodata.uart_sam0_config_0
                0x0000000000005964       0x24 zephyr/drivers/serial/libdrivers__serial.a(uart_sam0.c.obj)
 .rodata.__pinctrl_dev_config__device_dts_ord_31
                0x0000000000005988        0x8 zephyr/drivers/serial/libdrivers__serial.a(uart_sam0.c.obj)
 .rodata.__pinctrl_states__device_dts_ord_31
                0x0000000000005990        0x8 zephyr/drivers/serial/libdrivers__serial.a(uart_sam0.c.obj)
 .rodata.__pinctrl_state_pins_0__device_dts_ord_31
                0x0000000000005998        0x8 zephyr/drivers/serial/libdrivers__serial.a(uart_sam0.c.obj)
 .rodata.uart_sam0_driver_api
                0x00000000000059a0       0x4c zephyr/drivers/serial/libdrivers__serial.a(uart_sam0.c.obj)
 .rodata._k_neg_eagain
                0x00000000000059ec        0x4 zephyr/kernel/libkernel.a(errno.c.obj)
                0x00000000000059ec                _k_neg_eagain
 .rodata.CSWTCH.487
                0x00000000000059f0       0x14 zephyr/kernel/libkernel.a(fatal.c.obj)
 .rodata.levels.0
                0x0000000000005a04       0x18 zephyr/kernel/libkernel.a(init.c.obj)
 .rodata._ctype_
                0x0000000000005a1c      0x101 /home/server/zephyr-sdk-0.16.1/arm-zephyr-eabi/arm-zephyr-eabi/lib/thumb/v6-m/nofp/libc.a(lib_a-ctype_.o)
                0x0000000000005a1c                _ctype_
 .rodata.z_zassert.constprop.0.str1.1
                0x0000000000005b1d       0x96 app/libapp.a(main.cpp.obj)
                                         0x99 (size before relaxing)
 .rodata.str1.1
                0x0000000000005bb3       0x96 app/libapp.a(main.cpp.obj)
                                         0x29 (size before relaxing)
 .rodata.str1.1
                0x0000000000005bb3       0x11 zephyr/libzephyr.a(cbprintf_packaged.c.obj)
 .rodata.z_cbvprintf_impl.str1.1
                0x0000000000005bc4        0x6 zephyr/libzephyr.a(cbprintf_complete.c.obj)
 .rodata.semihost_log.str1.1
                0x0000000000005bca       0x6f zephyr/libzephyr.a(semihost_extra.c.obj)
 .rodata.z_arm_fatal_error.str1.1
                0x0000000000005c39       0xaf zephyr/arch/arch/arm/core/aarch32/libarch__arm__core__aarch32.a(fatal.c.obj)
 .rodata.z_arm_irq_priority_set.str1.1
                0x0000000000005ce8       0xae zephyr/arch/arch/arm/core/aarch32/libarch__arm__core__aarch32.a(irq_manage.c.obj)
 .rodata.z_arm_fault.str1.1
                0x0000000000005d96      0x13e zephyr/arch/arch/arm/core/aarch32/cortex_m/libarch__arm__core__aarch32__cortex_m.a(fault.c.obj)
                                        0x15b (size before relaxing)
 .rodata.malloc_prepare.str1.1
                0x0000000000005ed4       0xfd zephyr/lib/libc/newlib/liblib__libc__newlib.a(libc-hooks.c.obj)
                                        0x11a (size before relaxing)
 .rodata.__retarget_lock_init.str1.1
                0x0000000000005fd1       0x3c zephyr/lib/libc/newlib/liblib__libc__newlib.a(libc-hooks.c.obj)
                                         0x50 (size before relaxing)
 .rodata.ztest_test_fail.str1.1
                0x000000000000600d       0x3d zephyr/subsys/testsuite/ztest/libsubsys__testsuite__ztest.a(ztest_new.c.obj)
 .rodata.z_ztest_run_test_suite_ptr.str1.1
                0x000000000000604a       0xb2 zephyr/subsys/testsuite/ztest/libsubsys__testsuite__ztest.a(ztest_new.c.obj)
 .rodata.ztest_verify_all_test_suites_ran.str1.1
                0x00000000000060fc       0x7c zephyr/subsys/testsuite/ztest/libsubsys__testsuite__ztest.a(ztest_new.c.obj)
 .rodata.main.str1.1
                0x0000000000006178      0x107 zephyr/subsys/testsuite/ztest/libsubsys__testsuite__ztest.a(ztest_new.c.obj)
                                        0x109 (size before relaxing)
 .rodata.str1.1
                0x000000000000627f       0x3a zephyr/subsys/testsuite/ztest/libsubsys__testsuite__ztest.a(ztest_new.c.obj)
 .rodata.str1.1
                0x00000000000062b9        0xd zephyr/drivers/interrupt_controller/libdrivers__interrupt_controller.a(intc_sam0_eic.c.obj)
 .rodata.sam0_eic_channels
                0x00000000000062c6       0x60 zephyr/drivers/interrupt_controller/libdrivers__interrupt_controller.a(intc_sam0_eic.c.obj)
 .rodata.gpio_sam0_manage_callback.str1.1
                0x0000000000006326       0x7d zephyr/drivers/gpio/libdrivers__gpio.a(gpio_sam0.c.obj)
                                         0x9a (size before relaxing)
 .rodata.gpio_sam0_isr.str1.1
                0x00000000000063a3        0xc zephyr/drivers/gpio/libdrivers__gpio.a(gpio_sam0.c.obj)
 .rodata.str1.1
                0x00000000000063af       0x2a zephyr/drivers/gpio/libdrivers__gpio.a(gpio_sam0.c.obj)
 .rodata.pinctrl_configure_pins.str1.1
                0x00000000000063d9      0x104 zephyr/drivers/pinctrl/libdrivers__pinctrl.a(pinctrl_sam0.c.obj)
                                        0x121 (size before relaxing)
 .rodata.str1.1
                0x00000000000064dd       0x30 zephyr/drivers/serial/libdrivers__serial.a(uart_sam0.c.obj)
 .rodata.sys_clock_set_timeout.str1.1
                0x000000000000650d       0x86 zephyr/drivers/timer/libdrivers__timer.a(cortex_m_systick.c.obj)
                                         0xa3 (size before relaxing)
 .rodata.z_device_state_init.str1.1
                0x0000000000006593       0x5a zephyr/kernel/libkernel.a(device.c.obj)
                                         0x77 (size before relaxing)
 .rodata.k_sys_fatal_error_handler.str1.1
                0x00000000000065ed       0x14 zephyr/kernel/libkernel.a(fatal.c.obj)
 .rodata.z_fatal_error.str1.1
                0x0000000000006601       0x86 zephyr/kernel/libkernel.a(fatal.c.obj)
 .rodata.str1.1
                0x0000000000006687       0x4a zephyr/kernel/libkernel.a(fatal.c.obj)
 .rodata.z_init_cpu.str1.1
                0x00000000000066d1        0x5 zephyr/kernel/libkernel.a(init.c.obj)
 .rodata.z_cstart.str1.1
                0x00000000000066d6        0x5 zephyr/kernel/libkernel.a(init.c.obj)
 .rodata.str1.1
                0x00000000000066db        0x3 zephyr/kernel/libkernel.a(init.c.obj)
 .rodata.z_setup_new_thread.str1.1
                0x00000000000066de       0xd4 zephyr/kernel/libkernel.a(thread.c.obj)
                                         0xf1 (size before relaxing)
 .rodata.z_impl_k_thread_create.str1.1
                0x00000000000067b2       0x37 zephyr/kernel/libkernel.a(thread.c.obj)
 .rodata.z_init_static_threads.str1.1
                0x00000000000067e9       0x2d zephyr/kernel/libkernel.a(thread.c.obj)
                                         0x4c (size before relaxing)
 .rodata.idle.str1.1
                0x0000000000006816       0x49 zephyr/kernel/libkernel.a(idle.c.obj)
                                         0x66 (size before relaxing)
 .rodata.z_impl_k_mutex_lock.str1.1
                0x000000000000685f       0x47 zephyr/kernel/libkernel.a(mutex.c.obj)
                                         0xfc (size before relaxing)
 .rodata.z_impl_k_mutex_unlock.str1.1
                0x00000000000068a6       0x17 zephyr/kernel/libkernel.a(mutex.c.obj)
 .rodata.slice_timeout.str1.1
                0x00000000000068bd      0x1bb zephyr/kernel/libkernel.a(sched.c.obj)
                                        0x1d8 (size before relaxing)
 .rodata.update_cache.str1.1
                0x0000000000006a78       0x2a zephyr/kernel/libkernel.a(sched.c.obj)
 .rodata.ready_thread.str1.1
                0x0000000000006aa2       0x21 zephyr/kernel/libkernel.a(sched.c.obj)
 .rodata.k_sched_time_slice_set.str1.1
                0x0000000000006ac3       0x86 zephyr/kernel/libkernel.a(sched.c.obj)
 .rodata.k_sched_lock.str1.1
                0x0000000000006ac3       0x5c zephyr/kernel/libkernel.a(sched.c.obj)
                                         0x6e (size before relaxing)
 .rodata.k_sched_unlock.str1.1
                0x0000000000006b1f       0x31 zephyr/kernel/libkernel.a(sched.c.obj)
 .rodata.z_pend_curr.str1.1
                0x0000000000006b50       0x37 zephyr/kernel/libkernel.a(sched.c.obj)
 .rodata.unpend_thread_no_timeout.str1.1
                0x0000000000006b87       0x17 zephyr/kernel/libkernel.a(sched.c.obj)
 .rodata.z_tick_sleep.str1.1
                0x0000000000006b9e       0x40 zephyr/kernel/libkernel.a(sched.c.obj)
 .rodata.z_thread_abort.str1.1
                0x0000000000006bde       0x41 zephyr/kernel/libkernel.a(sched.c.obj)
                                         0x43 (size before relaxing)
 .rodata.z_impl_k_thread_join.str1.1
                0x0000000000006c1f       0x15 zephyr/kernel/libkernel.a(sched.c.obj)
 .rodata.z_add_timeout.str1.1
                0x0000000000006c34       0x44 zephyr/kernel/libkernel.a(timeout.c.obj)
                                         0xea (size before relaxing)
 .rodata.boot_banner.str1.1
                0x0000000000006c78       0x42 zephyr/kernel/libkernel.a(banner.c.obj)
 *(SORT_BY_ALIGNMENT(.gnu.linkonce.r.*))
                0x0000000000006cbc                . = ALIGN (0x4)
 *fill*         0x0000000000006cba        0x2 

.gcc_except_table
 *(SORT_BY_ALIGNMENT(.gcc_except_table) SORT_BY_ALIGNMENT(.gcc_except_table.*))
                0x0000000000006cbc                __rodata_region_end = .
                0x0000000000006cbc                . = ALIGN (_region_min_align)
                0x0000000000006cbc                __rom_region_end = ((__rom_region_start + .) - ADDR (rom_start))

/DISCARD/
 *(SORT_BY_ALIGNMENT(.got.plt))
 *(SORT_BY_ALIGNMENT(.igot.plt))
 *(SORT_BY_ALIGNMENT(.got))
 *(SORT_BY_ALIGNMENT(.igot))
                0x0000000020000000                . = 0x20000000
                0x0000000020000000                . = ALIGN (_region_min_align)
                0x0000000020000000                _image_ram_start = .

.ramfunc        0x0000000020000000        0x0 load address 0x0000000000006cbc
                0x0000000020000000                . = ALIGN (_region_min_align)
                0x0000000020000000                __ramfunc_start = .
 *(SORT_BY_ALIGNMENT(.ramfunc))
 *(SORT_BY_ALIGNMENT(.ramfunc.*))
                0x0000000020000000                . = ALIGN (_region_min_align)
                0x0000000020000000                __ramfunc_end = .
                0x0000000000000000                __ramfunc_size = (__ramfunc_end - __ramfunc_start)
                0x0000000000006cbc                __ramfunc_load_start = LOADADDR (.ramfunc)

datas           0x0000000020000000      0x6b5 load address 0x0000000000006cbc
                0x0000000020000000                __data_region_start = .
                0x0000000020000000                __data_start = .
 *(SORT_BY_ALIGNMENT(.data))
 *(SORT_BY_ALIGNMENT(.data.*))
 .data.__malloc_av_
                0x0000000020000000      0x408 /home/server/zephyr-sdk-0.16.1/arm-zephyr-eabi/arm-zephyr-eabi/lib/thumb/v6-m/nofp/libc.a(lib_a-mallocr.o)
                0x0000000020000000                __malloc_av_
 .data.impure_data
                0x0000000020000408      0x290 /home/server/zephyr-sdk-0.16.1/arm-zephyr-eabi/arm-zephyr-eabi/lib/thumb/v6-m/nofp/libc.a(lib_a-impure.o)
 .data._char_out
                0x0000000020000698        0x4 zephyr/libzephyr.a(printk.c.obj)
                0x0000000020000698                _char_out
 .data._stdout_hook
                0x000000002000069c        0x4 zephyr/lib/libc/newlib/liblib__libc__newlib.a(libc-hooks.c.obj)
 .data.timeout_list
                0x00000000200006a0        0x8 zephyr/kernel/libkernel.a(timeout.c.obj)
 .data.__malloc_sbrk_base
                0x00000000200006a8        0x4 /home/server/zephyr-sdk-0.16.1/arm-zephyr-eabi/arm-zephyr-eabi/lib/thumb/v6-m/nofp/libc.a(lib_a-mallocr.o)
                0x00000000200006a8                __malloc_sbrk_base
 .data.__malloc_trim_threshold
                0x00000000200006ac        0x4 /home/server/zephyr-sdk-0.16.1/arm-zephyr-eabi/arm-zephyr-eabi/lib/thumb/v6-m/nofp/libc.a(lib_a-mallocr.o)
                0x00000000200006ac                __malloc_trim_threshold
 .data._impure_ptr
                0x00000000200006b0        0x4 /home/server/zephyr-sdk-0.16.1/arm-zephyr-eabi/arm-zephyr-eabi/lib/thumb/v6-m/nofp/libc.a(lib_a-impure.o)
                0x00000000200006b0                _impure_ptr
 .data.phase    0x00000000200006b4        0x1 zephyr/subsys/testsuite/ztest/libsubsys__testsuite__ztest.a(ztest_new.c.obj)
                0x00000000200006b4                phase
 *(SORT_BY_ALIGNMENT(.kernel.*))
                0x00000000200006b5                __data_end = .
                0x00000000000006b5                __data_size = (__data_end - __data_start)
                0x0000000000006cbc                __data_load_start = LOADADDR (datas)
                0x0000000000006cbc                __data_region_load_start = LOADADDR (datas)

device_states   0x00000000200006b5        0xe load address 0x0000000000007371
                0x00000000200006b5                __device_states_start = .
 *(SORT_BY_ALIGNMENT(.z_devstate))
 .z_devstate    0x00000000200006b5        0x2 zephyr/drivers/interrupt_controller/libdrivers__interrupt_controller.a(intc_sam0_eic.c.obj)
 .z_devstate    0x00000000200006b7        0x6 zephyr/drivers/gpio/libdrivers__gpio.a(gpio_sam0.c.obj)
 .z_devstate    0x00000000200006bd        0x6 zephyr/drivers/serial/libdrivers__serial.a(uart_sam0.c.obj)
 *(SORT_BY_ALIGNMENT(.z_devstate.*))
                0x00000000200006c3                __device_states_end = .

log_mpsc_pbuf_area
                0x00000000200006c3        0x0 load address 0x000000000000737f
                0x00000000200006c3                _log_mpsc_pbuf_list_start = .
 *(SORT_BY_NAME(SORT_BY_ALIGNMENT(._log_mpsc_pbuf.static.*)))
                0x00000000200006c3                _log_mpsc_pbuf_list_end = .

log_msg_ptr_area
                0x00000000200006c3        0x0 load address 0x000000000000737f
                0x00000000200006c3                _log_msg_ptr_list_start = .
 *(SORT_BY_NAME(SORT_BY_ALIGNMENT(._log_msg_ptr.static.*)))
                0x00000000200006c3                _log_msg_ptr_list_end = .

log_dynamic_area
                0x00000000200006c3        0x0 load address 0x000000000000737f
                0x00000000200006c3                _log_dynamic_list_start = .
 *(SORT_BY_NAME(SORT_BY_ALIGNMENT(._log_dynamic.static.*)))
                0x00000000200006c3                _log_dynamic_list_end = .

k_timer_area    0x00000000200006c3        0x0 load address 0x000000000000737f
                0x00000000200006c3                _k_timer_list_start = .
 *(SORT_BY_NAME(SORT_BY_ALIGNMENT(._k_timer.static.*)))
                0x00000000200006c3                _k_timer_list_end = .

k_mem_slab_area
                0x00000000200006c3        0x0 load address 0x000000000000737f
                0x00000000200006c3                _k_mem_slab_list_start = .
 *(SORT_BY_NAME(SORT_BY_ALIGNMENT(._k_mem_slab.static.*)))
                0x00000000200006c3                _k_mem_slab_list_end = .

k_heap_area     0x00000000200006c3        0x0 load address 0x000000000000737f
                0x00000000200006c3                _k_heap_list_start = .
 *(SORT_BY_NAME(SORT_BY_ALIGNMENT(._k_heap.static.*)))
                0x00000000200006c3                _k_heap_list_end = .

k_mutex_area    0x00000000200006c4       0x14 load address 0x0000000000007380
                0x00000000200006c4                _k_mutex_list_start = .
 *(SORT_BY_NAME(SORT_BY_ALIGNMENT(._k_mutex.static.*)))
 ._k_mutex.static.__lock___malloc_recursive_mutex_
                0x00000000200006c4       0x14 zephyr/lib/libc/newlib/liblib__libc__newlib.a(libc-hooks.c.obj)
                0x00000000200006c4                __lock___malloc_recursive_mutex
                0x00000000200006d8                _k_mutex_list_end = .

k_stack_area    0x00000000200006d8        0x0 load address 0x0000000000007394
                0x00000000200006d8                _k_stack_list_start = .
 *(SORT_BY_NAME(SORT_BY_ALIGNMENT(._k_stack.static.*)))
                0x00000000200006d8                _k_stack_list_end = .

k_msgq_area     0x00000000200006d8        0x0 load address 0x0000000000007394
                0x00000000200006d8                _k_msgq_list_start = .
 *(SORT_BY_NAME(SORT_BY_ALIGNMENT(._k_msgq.static.*)))
                0x00000000200006d8                _k_msgq_list_end = .

k_mbox_area     0x00000000200006d8        0x0 load address 0x0000000000007394
                0x00000000200006d8                _k_mbox_list_start = .
 *(SORT_BY_NAME(SORT_BY_ALIGNMENT(._k_mbox.static.*)))
                0x00000000200006d8                _k_mbox_list_end = .

k_pipe_area     0x00000000200006d8        0x0 load address 0x0000000000007394
                0x00000000200006d8                _k_pipe_list_start = .
 *(SORT_BY_NAME(SORT_BY_ALIGNMENT(._k_pipe.static.*)))
                0x00000000200006d8                _k_pipe_list_end = .

k_sem_area      0x00000000200006d8        0x0 load address 0x0000000000007394
                0x00000000200006d8                _k_sem_list_start = .
 *(SORT_BY_NAME(SORT_BY_ALIGNMENT(._k_sem.static.*)))
                0x00000000200006d8                _k_sem_list_end = .

k_event_area    0x00000000200006d8        0x0 load address 0x0000000000007394
                0x00000000200006d8                _k_event_list_start = .
 *(SORT_BY_NAME(SORT_BY_ALIGNMENT(._k_event.static.*)))
                0x00000000200006d8                _k_event_list_end = .

k_queue_area    0x00000000200006d8        0x0 load address 0x0000000000007394
                0x00000000200006d8                _k_queue_list_start = .
 *(SORT_BY_NAME(SORT_BY_ALIGNMENT(._k_queue.static.*)))
                0x00000000200006d8                _k_queue_list_end = .

k_condvar_area  0x00000000200006d8        0x0 load address 0x0000000000007394
                0x00000000200006d8                _k_condvar_list_start = .
 *(SORT_BY_NAME(SORT_BY_ALIGNMENT(._k_condvar.static.*)))
                0x00000000200006d8                _k_condvar_list_end = .

net_buf_pool_area
                0x00000000200006d8        0x0 load address 0x0000000000007394
                0x00000000200006d8                _net_buf_pool_list_start = .
 *(SORT_BY_NAME(SORT_BY_ALIGNMENT(._net_buf_pool.static.*)))
                0x00000000200006d8                _net_buf_pool_list_end = .

.gcc_except_table
 *(SORT_BY_ALIGNMENT(.gcc_except_table) SORT_BY_ALIGNMENT(.gcc_except_table.*))
                0x00000000200006d8                __data_region_end = .

bss             0x00000000200006d8      0x31e
                0x00000000200006d8                . = ALIGN (0x4)
                0x00000000200006d8                __bss_start = .
                0x00000000200006d8                __kernel_ram_start = .
 *(SORT_BY_ALIGNMENT(.bss))
 *(SORT_BY_ALIGNMENT(.bss.*))
 .bss.ztest_thread
                0x00000000200006d8       0x90 zephyr/subsys/testsuite/ztest/libsubsys__testsuite__ztest.a(ztest_new.c.obj)
 .bss.z_idle_threads
                0x0000000020000768       0x90 zephyr/kernel/libkernel.a(init.c.obj)
                0x0000000020000768                z_idle_threads
 .bss.z_main_thread
                0x00000000200007f8       0x90 zephyr/kernel/libkernel.a(init.c.obj)
                0x00000000200007f8                z_main_thread
 .bss.slice_timeouts
                0x0000000020000888       0x18 zephyr/kernel/libkernel.a(sched.c.obj)
 .bss.curr_tick
                0x00000000200008a0        0x8 zephyr/kernel/libkernel.a(timeout.c.obj)
 .bss.z_ztest_unit_test_stats_cpp_test_fixture_created_and_initialized
                0x00000000200008a8       0x14 app/libapp.a(main.cpp.obj)
                0x00000000200008a8                z_ztest_unit_test_stats_cpp_test_fixture_created_and_initialized
 .bss.z_ztest_suite_node_stats_cpp
                0x00000000200008bc        0xc app/libapp.a(main.cpp.obj)
                0x00000000200008bc                z_ztest_suite_node_stats_cpp
 .bss.heap_sz   0x00000000200008c8        0x4 zephyr/lib/libc/newlib/liblib__libc__newlib.a(libc-hooks.c.obj)
 .bss.tc_spend_time
                0x00000000200008cc        0x4 zephyr/subsys/testsuite/ztest/libsubsys__testsuite__ztest.a(ztest_new.c.obj)
 .bss.tc_start_time
                0x00000000200008d0        0x4 zephyr/subsys/testsuite/ztest/libsubsys__testsuite__ztest.a(ztest_new.c.obj)
 .bss.eic_data  0x00000000200008d4       0x28 zephyr/drivers/interrupt_controller/libdrivers__interrupt_controller.a(intc_sam0_eic.c.obj)
 .bss.gpio_sam0_data_2
                0x00000000200008fc       0x14 zephyr/drivers/gpio/libdrivers__gpio.a(gpio_sam0.c.obj)
 .bss.gpio_sam0_data_1
                0x0000000020000910       0x14 zephyr/drivers/gpio/libdrivers__gpio.a(gpio_sam0.c.obj)
 .bss.gpio_sam0_data_0
                0x0000000020000924       0x14 zephyr/drivers/gpio/libdrivers__gpio.a(gpio_sam0.c.obj)
 .bss.uart_sam0_data_2
                0x0000000020000938       0x10 zephyr/drivers/serial/libdrivers__serial.a(uart_sam0.c.obj)
 .bss.uart_sam0_data_1
                0x0000000020000948       0x10 zephyr/drivers/serial/libdrivers__serial.a(uart_sam0.c.obj)
 .bss.uart_sam0_data_0
                0x0000000020000958       0x10 zephyr/drivers/serial/libdrivers__serial.a(uart_sam0.c.obj)
 .bss.overflow_cyc
                0x0000000020000968        0x4 zephyr/drivers/timer/libdrivers__timer.a(cortex_m_systick.c.obj)
 .bss.announced_cycles
                0x000000002000096c        0x4 zephyr/drivers/timer/libdrivers__timer.a(cortex_m_systick.c.obj)
 .bss.cycle_count
                0x0000000020000970        0x4 zephyr/drivers/timer/libdrivers__timer.a(cortex_m_systick.c.obj)
 .bss.last_load
                0x0000000020000974        0x4 zephyr/drivers/timer/libdrivers__timer.a(cortex_m_systick.c.obj)
 .bss.lock      0x0000000020000978        0x4 zephyr/drivers/timer/libdrivers__timer.a(cortex_m_systick.c.obj)
 .bss._kernel   0x000000002000097c       0x20 zephyr/kernel/libkernel.a(init.c.obj)
                0x000000002000097c                _kernel
 .bss.lock      0x000000002000099c        0x4 zephyr/kernel/libkernel.a(mutex.c.obj)
 .bss.pending_current
                0x00000000200009a0        0x4 zephyr/kernel/libkernel.a(sched.c.obj)
 .bss.slice_max_prio
                0x00000000200009a4        0x4 zephyr/kernel/libkernel.a(sched.c.obj)
 .bss.slice_ticks
                0x00000000200009a8        0x4 zephyr/kernel/libkernel.a(sched.c.obj)
 .bss.sched_spinlock
                0x00000000200009ac        0x4 zephyr/kernel/libkernel.a(sched.c.obj)
                0x00000000200009ac                sched_spinlock
 .bss.announce_remaining
                0x00000000200009b0        0x4 zephyr/kernel/libkernel.a(timeout.c.obj)
 .bss.timeout_lock
                0x00000000200009b4        0x4 zephyr/kernel/libkernel.a(timeout.c.obj)
 .bss.__malloc_current_mallinfo
                0x00000000200009b8       0x28 /home/server/zephyr-sdk-0.16.1/arm-zephyr-eabi/arm-zephyr-eabi/lib/thumb/v6-m/nofp/libc.a(lib_a-mallocr.o)
                0x00000000200009b8                __malloc_current_mallinfo
 .bss.__malloc_max_total_mem
                0x00000000200009e0        0x4 /home/server/zephyr-sdk-0.16.1/arm-zephyr-eabi/arm-zephyr-eabi/lib/thumb/v6-m/nofp/libc.a(lib_a-mallocr.o)
                0x00000000200009e0                __malloc_max_total_mem
 .bss.__malloc_max_sbrked_mem
                0x00000000200009e4        0x4 /home/server/zephyr-sdk-0.16.1/arm-zephyr-eabi/arm-zephyr-eabi/lib/thumb/v6-m/nofp/libc.a(lib_a-mallocr.o)
                0x00000000200009e4                __malloc_max_sbrked_mem
 .bss.__malloc_top_pad
                0x00000000200009e8        0x4 /home/server/zephyr-sdk-0.16.1/arm-zephyr-eabi/arm-zephyr-eabi/lib/thumb/v6-m/nofp/libc.a(lib_a-mallocr.o)
                0x00000000200009e8                __malloc_top_pad
 .bss.errno     0x00000000200009ec        0x4 /home/server/zephyr-sdk-0.16.1/arm-zephyr-eabi/arm-zephyr-eabi/lib/thumb/v6-m/nofp/libc.a(lib_a-reent.o)
                0x00000000200009ec                errno
 .bss.current_test_failed_assumption
                0x00000000200009f0        0x1 zephyr/subsys/testsuite/ztest/libsubsys__testsuite__ztest.a(ztest_new.c.obj)
 .bss.test_result
                0x00000000200009f1        0x1 zephyr/subsys/testsuite/ztest/libsubsys__testsuite__ztest.a(ztest_new.c.obj)
 .bss.test_status
                0x00000000200009f2        0x1 zephyr/subsys/testsuite/ztest/libsubsys__testsuite__ztest.a(ztest_new.c.obj)
 .bss.failed_expectation
                0x00000000200009f3        0x1 zephyr/subsys/testsuite/ztest/libsubsys__testsuite__ztest.a(ztest_new.c.obj)
 .bss.z_sys_post_kernel
                0x00000000200009f4        0x1 zephyr/kernel/libkernel.a(init.c.obj)
                0x00000000200009f4                z_sys_post_kernel
 .bss.slice_expired
                0x00000000200009f5        0x1 zephyr/kernel/libkernel.a(sched.c.obj)
 *(SORT_BY_ALIGNMENT(COMMON))
 *(SORT_BY_ALIGNMENT(.kernel_bss.*))
                0x00000000200009f8                __bss_end = ALIGN (0x4)

noinit          0x00000000200009f8     0x1100
 *(SORT_BY_ALIGNMENT(.noinit))
 *(SORT_BY_ALIGNMENT(.noinit.*))
 .noinit."WEST_TOPDIR/zephyr/subsys/testsuite/ztest/src/ztest_new.c".0
                0x00000000200009f8      0x400 zephyr/subsys/testsuite/ztest/libsubsys__testsuite__ztest.a(ztest_new.c.obj)
                0x00000000200009f8                ztest_thread_stack
 .noinit."WEST_TOPDIR/zephyr/kernel/init.c".2
                0x0000000020000df8      0x800 zephyr/kernel/libkernel.a(init.c.obj)
                0x0000000020000df8                z_interrupt_stacks
 .noinit."WEST_TOPDIR/zephyr/kernel/init.c".1
                0x00000000200015f8      0x100 zephyr/kernel/libkernel.a(init.c.obj)
 .noinit."WEST_TOPDIR/zephyr/kernel/init.c".0
                0x00000000200016f8      0x400 zephyr/kernel/libkernel.a(init.c.obj)
                0x00000000200016f8                z_main_stack
 *(SORT_BY_ALIGNMENT(.kernel_noinit.*))
                0x0000000020001af8                _image_ram_end = .
                0x0000000020001af8                _end = .
                0x0000000020008000                __kernel_ram_end = 0x20008000
                0x0000000000007928                __kernel_ram_size = (__kernel_ram_end - __kernel_ram_start)

.intList        0x00000000fffff800       0x48
 *(SORT_BY_ALIGNMENT(.irq_info*))
 .irq_info      0x00000000fffff800        0x8 zephyr/arch/common/libisr_tables.a(isr_tables.c.obj)
                0x00000000fffff800                _iheader
 *(SORT_BY_ALIGNMENT(.intList*))
 .intList       0x00000000fffff808       0x10 zephyr/drivers/interrupt_controller/libdrivers__interrupt_controller.a(intc_sam0_eic.c.obj)
 .intList       0x00000000fffff818       0x30 zephyr/drivers/serial/libdrivers__serial.a(uart_sam0.c.obj)

.stab
 *(SORT_BY_ALIGNMENT(.stab))

.stabstr
 *(SORT_BY_ALIGNMENT(.stabstr))

.stab.excl
 *(SORT_BY_ALIGNMENT(.stab.excl))

.stab.exclstr
 *(SORT_BY_ALIGNMENT(.stab.exclstr))

.stab.index
 *(SORT_BY_ALIGNMENT(.stab.index))

.stab.indexstr
 *(SORT_BY_ALIGNMENT(.stab.indexstr))

.gnu.build.attributes
 *(SORT_BY_ALIGNMENT(.gnu.build.attributes) SORT_BY_ALIGNMENT(.gnu.build.attributes.*))

.comment        0x0000000000000000       0x20
 *(SORT_BY_ALIGNMENT(.comment))
 .comment       0x0000000000000000       0x20 zephyr/CMakeFiles/offsets.dir/./arch/arm/core/offsets/offsets.c.obj
                                         0x21 (size before relaxing)
 .comment       0x0000000000000020       0x21 app/libapp.a(main.cpp.obj)
 .comment       0x0000000000000020       0x21 zephyr/libzephyr.a(semihost.c.obj)
 .comment       0x0000000000000020       0x21 zephyr/libzephyr.a(cpp_init.c.obj)
 .comment       0x0000000000000020       0x21 zephyr/libzephyr.a(cpp_init_array.c.obj)
 .comment       0x0000000000000020       0x21 zephyr/libzephyr.a(cpp_ctors.c.obj)
 .comment       0x0000000000000020       0x21 zephyr/libzephyr.a(cpp_new.cpp.obj)
 .comment       0x0000000000000020       0x21 zephyr/libzephyr.a(cbprintf_packaged.c.obj)
 .comment       0x0000000000000020       0x21 zephyr/libzephyr.a(printk.c.obj)
 .comment       0x0000000000000020       0x21 zephyr/libzephyr.a(thread_entry.c.obj)
 .comment       0x0000000000000020       0x21 zephyr/libzephyr.a(cbprintf_complete.c.obj)
 .comment       0x0000000000000020       0x21 zephyr/libzephyr.a(assert.c.obj)
 .comment       0x0000000000000020       0x21 zephyr/libzephyr.a(configs.c.obj)
 .comment       0x0000000000000020       0x21 zephyr/libzephyr.a(soc_port.c.obj)
 .comment       0x0000000000000020       0x21 zephyr/libzephyr.a(soc_samc2x.c.obj)
 .comment       0x0000000000000020       0x21 zephyr/libzephyr.a(log_minimal.c.obj)
 .comment       0x0000000000000020       0x21 zephyr/libzephyr.a(semihost_extra.c.obj)
 .comment       0x0000000000000020       0x21 zephyr/arch/arch/arm/core/aarch32/libarch__arm__core__aarch32.a(fatal.c.obj)
 .comment       0x0000000000000020       0x21 zephyr/arch/arch/arm/core/aarch32/libarch__arm__core__aarch32.a(irq_manage.c.obj)
 .comment       0x0000000000000020       0x21 zephyr/arch/arch/arm/core/aarch32/libarch__arm__core__aarch32.a(nmi.c.obj)
 .comment       0x0000000000000020       0x21 zephyr/arch/arch/arm/core/aarch32/libarch__arm__core__aarch32.a(prep_c.c.obj)
 .comment       0x0000000000000020       0x21 zephyr/arch/arch/arm/core/aarch32/libarch__arm__core__aarch32.a(swap.c.obj)
 .comment       0x0000000000000020       0x21 zephyr/arch/arch/arm/core/aarch32/libarch__arm__core__aarch32.a(thread.c.obj)
 .comment       0x0000000000000020       0x21 zephyr/arch/arch/arm/core/aarch32/cortex_m/libarch__arm__core__aarch32__cortex_m.a(fault.c.obj)
 .comment       0x0000000000000020       0x21 zephyr/arch/arch/arm/core/aarch32/cortex_m/libarch__arm__core__aarch32__cortex_m.a(irq_init.c.obj)
 .comment       0x0000000000000020       0x21 zephyr/arch/arch/arm/core/aarch32/cortex_m/libarch__arm__core__aarch32__cortex_m.a(thread_abort.c.obj)
 .comment       0x0000000000000020       0x21 zephyr/arch/arch/arm/core/aarch32/cortex_m/libarch__arm__core__aarch32__cortex_m.a(semihost.c.obj)
 .comment       0x0000000000000020       0x21 zephyr/lib/libc/newlib/liblib__libc__newlib.a(libc-hooks.c.obj)
 .comment       0x0000000000000020       0x21 zephyr/subsys/testsuite/ztest/libsubsys__testsuite__ztest.a(ztest_new.c.obj)
 .comment       0x0000000000000020       0x21 zephyr/subsys/testsuite/ztest/libsubsys__testsuite__ztest.a(ztest_defaults.c.obj)
 .comment       0x0000000000000020       0x21 zephyr/drivers/interrupt_controller/libdrivers__interrupt_controller.a(intc_sam0_eic.c.obj)
 .comment       0x0000000000000020       0x21 zephyr/drivers/console/libdrivers__console.a(uart_console.c.obj)
 .comment       0x0000000000000020       0x21 zephyr/drivers/gpio/libdrivers__gpio.a(gpio_sam0.c.obj)
 .comment       0x0000000000000020       0x21 zephyr/drivers/pinctrl/libdrivers__pinctrl.a(common.c.obj)
 .comment       0x0000000000000020       0x21 zephyr/drivers/pinctrl/libdrivers__pinctrl.a(pinctrl_sam0.c.obj)
 .comment       0x0000000000000020       0x21 zephyr/drivers/serial/libdrivers__serial.a(uart_sam0.c.obj)
 .comment       0x0000000000000020       0x21 zephyr/drivers/timer/libdrivers__timer.a(cortex_m_systick.c.obj)
 .comment       0x0000000000000020       0x21 zephyr/kernel/libkernel.a(device.c.obj)
 .comment       0x0000000000000020       0x21 zephyr/kernel/libkernel.a(errno.c.obj)
 .comment       0x0000000000000020       0x21 zephyr/kernel/libkernel.a(fatal.c.obj)
 .comment       0x0000000000000020       0x21 zephyr/kernel/libkernel.a(init.c.obj)
 .comment       0x0000000000000020       0x21 zephyr/kernel/libkernel.a(thread.c.obj)
 .comment       0x0000000000000020       0x21 zephyr/kernel/libkernel.a(idle.c.obj)
 .comment       0x0000000000000020       0x21 zephyr/kernel/libkernel.a(mutex.c.obj)
 .comment       0x0000000000000020       0x21 zephyr/kernel/libkernel.a(sched.c.obj)
 .comment       0x0000000000000020       0x21 zephyr/kernel/libkernel.a(xip.c.obj)
 .comment       0x0000000000000020       0x21 zephyr/kernel/libkernel.a(timeout.c.obj)
 .comment       0x0000000000000020       0x21 zephyr/kernel/libkernel.a(banner.c.obj)
 .comment       0x0000000000000020       0x21 zephyr/arch/common/libisr_tables.a(isr_tables.c.obj)

.debug
 *(SORT_BY_ALIGNMENT(.debug))

.line
 *(SORT_BY_ALIGNMENT(.line))

.debug_srcinfo
 *(SORT_BY_ALIGNMENT(.debug_srcinfo))

.debug_sfnames
 *(SORT_BY_ALIGNMENT(.debug_sfnames))

.debug_aranges  0x0000000000000000      0xf70
 *(SORT_BY_ALIGNMENT(.debug_aranges))
 .debug_aranges
                0x0000000000000000       0x30 zephyr/arch/arch/arm/core/aarch32/libarch__arm__core__aarch32.a(cpu_idle.S.obj)
 .debug_aranges
                0x0000000000000030       0x20 zephyr/arch/arch/arm/core/aarch32/libarch__arm__core__aarch32.a(nmi_on_reset.S.obj)
 .debug_aranges
                0x0000000000000050       0x28 zephyr/arch/arch/arm/core/aarch32/libarch__arm__core__aarch32.a(swap_helper.S.obj)
 .debug_aranges
                0x0000000000000078       0x20 zephyr/arch/arch/arm/core/aarch32/libarch__arm__core__aarch32.a(isr_wrapper.S.obj)
 .debug_aranges
                0x0000000000000098       0x20 zephyr/arch/arch/arm/core/aarch32/cortex_m/libarch__arm__core__aarch32__cortex_m.a(exc_exit.S.obj)
 .debug_aranges
                0x00000000000000b8       0x20 zephyr/arch/arch/arm/core/aarch32/cortex_m/libarch__arm__core__aarch32__cortex_m.a(fault_s.S.obj)
 .debug_aranges
                0x00000000000000d8       0x20 zephyr/arch/arch/arm/core/aarch32/cortex_m/libarch__arm__core__aarch32__cortex_m.a(reset.S.obj)
 .debug_aranges
                0x00000000000000f8       0x20 zephyr/CMakeFiles/offsets.dir/./arch/arm/core/offsets/offsets.c.obj
 .debug_aranges
                0x0000000000000118       0x38 app/libapp.a(main.cpp.obj)
 .debug_aranges
                0x0000000000000150       0x58 zephyr/libzephyr.a(semihost.c.obj)
 .debug_aranges
                0x00000000000001a8       0x20 zephyr/libzephyr.a(cpp_init.c.obj)
 .debug_aranges
                0x00000000000001c8       0x20 zephyr/libzephyr.a(cpp_init_array.c.obj)
 .debug_aranges
                0x00000000000001e8       0x20 zephyr/libzephyr.a(cpp_ctors.c.obj)
 .debug_aranges
                0x0000000000000208       0x48 zephyr/libzephyr.a(cpp_new.cpp.obj)
 .debug_aranges
                0x0000000000000250       0x40 zephyr/libzephyr.a(cbprintf_packaged.c.obj)
 .debug_aranges
                0x0000000000000290       0x68 zephyr/libzephyr.a(printk.c.obj)
 .debug_aranges
                0x00000000000002f8       0x20 zephyr/libzephyr.a(thread_entry.c.obj)
 .debug_aranges
                0x0000000000000318       0x38 zephyr/libzephyr.a(cbprintf_complete.c.obj)
 .debug_aranges
                0x0000000000000350       0x28 zephyr/libzephyr.a(assert.c.obj)
 .debug_aranges
                0x0000000000000378       0x20 zephyr/libzephyr.a(configs.c.obj)
 .debug_aranges
                0x0000000000000398       0x30 zephyr/libzephyr.a(soc_port.c.obj)
 .debug_aranges
                0x00000000000003c8       0x20 zephyr/libzephyr.a(soc_samc2x.c.obj)
 .debug_aranges
                0x00000000000003e8       0x30 zephyr/libzephyr.a(log_minimal.c.obj)
 .debug_aranges
                0x0000000000000418       0x28 zephyr/libzephyr.a(semihost_extra.c.obj)
 .debug_aranges
                0x0000000000000440       0x30 zephyr/arch/arch/arm/core/aarch32/libarch__arm__core__aarch32.a(fatal.c.obj)
 .debug_aranges
                0x0000000000000470       0x40 zephyr/arch/arch/arm/core/aarch32/libarch__arm__core__aarch32.a(irq_manage.c.obj)
 .debug_aranges
                0x00000000000004b0       0x20 zephyr/arch/arch/arm/core/aarch32/libarch__arm__core__aarch32.a(nmi.c.obj)
 .debug_aranges
                0x00000000000004d0       0x20 zephyr/arch/arch/arm/core/aarch32/libarch__arm__core__aarch32.a(prep_c.c.obj)
 .debug_aranges